Archive member included to satisfy reference by file (symbol)

C:/ST/STM32CubeIDE_1.15.0/STM32CubeIDE/plugins/com.st.stm32cube.ide.mcu.externaltools.gnu-tools-for-stm32.13.3.rel1.win32_1.0.0.202411081344/tools/bin/../lib/gcc/arm-none-eabi/13.3.1/../../../../arm-none-eabi/lib/thumb/v7e-m+dp/hard\libc_nano.a(libc_a-exit.o)
                              C:/ST/STM32CubeIDE_1.15.0/STM32CubeIDE/plugins/com.st.stm32cube.ide.mcu.externaltools.gnu-tools-for-stm32.13.3.rel1.win32_1.0.0.202411081344/tools/bin/../lib/gcc/arm-none-eabi/13.3.1/../../../../arm-none-eabi/lib/thumb/v7e-m+dp/hard/crt0.o (exit)
C:/ST/STM32CubeIDE_1.15.0/STM32CubeIDE/plugins/com.st.stm32cube.ide.mcu.externaltools.gnu-tools-for-stm32.13.3.rel1.win32_1.0.0.202411081344/tools/bin/../lib/gcc/arm-none-eabi/13.3.1/../../../../arm-none-eabi/lib/thumb/v7e-m+dp/hard\libc_nano.a(libc_a-findfp.o)
                              ./Middlewares/Third_Party/FreeRTOS/Source/tasks.o (__sf)
C:/ST/STM32CubeIDE_1.15.0/STM32CubeIDE/plugins/com.st.stm32cube.ide.mcu.externaltools.gnu-tools-for-stm32.13.3.rel1.win32_1.0.0.202411081344/tools/bin/../lib/gcc/arm-none-eabi/13.3.1/../../../../arm-none-eabi/lib/thumb/v7e-m+dp/hard\libc_nano.a(libc_a-fwalk.o)
                              C:/ST/STM32CubeIDE_1.15.0/STM32CubeIDE/plugins/com.st.stm32cube.ide.mcu.externaltools.gnu-tools-for-stm32.13.3.rel1.win32_1.0.0.202411081344/tools/bin/../lib/gcc/arm-none-eabi/13.3.1/../../../../arm-none-eabi/lib/thumb/v7e-m+dp/hard\libc_nano.a(libc_a-findfp.o) (_fwalk_sglue)
C:/ST/STM32CubeIDE_1.15.0/STM32CubeIDE/plugins/com.st.stm32cube.ide.mcu.externaltools.gnu-tools-for-stm32.13.3.rel1.win32_1.0.0.202411081344/tools/bin/../lib/gcc/arm-none-eabi/13.3.1/../../../../arm-none-eabi/lib/thumb/v7e-m+dp/hard\libc_nano.a(libc_a-stdio.o)
                              C:/ST/STM32CubeIDE_1.15.0/STM32CubeIDE/plugins/com.st.stm32cube.ide.mcu.externaltools.gnu-tools-for-stm32.13.3.rel1.win32_1.0.0.202411081344/tools/bin/../lib/gcc/arm-none-eabi/13.3.1/../../../../arm-none-eabi/lib/thumb/v7e-m+dp/hard\libc_nano.a(libc_a-findfp.o) (__sread)
C:/ST/STM32CubeIDE_1.15.0/STM32CubeIDE/plugins/com.st.stm32cube.ide.mcu.externaltools.gnu-tools-for-stm32.13.3.rel1.win32_1.0.0.202411081344/tools/bin/../lib/gcc/arm-none-eabi/13.3.1/../../../../arm-none-eabi/lib/thumb/v7e-m+dp/hard\libc_nano.a(libc_a-memset.o)
                              C:/ST/STM32CubeIDE_1.15.0/STM32CubeIDE/plugins/com.st.stm32cube.ide.mcu.externaltools.gnu-tools-for-stm32.13.3.rel1.win32_1.0.0.202411081344/tools/bin/../lib/gcc/arm-none-eabi/13.3.1/../../../../arm-none-eabi/lib/thumb/v7e-m+dp/hard/crt0.o (memset)
C:/ST/STM32CubeIDE_1.15.0/STM32CubeIDE/plugins/com.st.stm32cube.ide.mcu.externaltools.gnu-tools-for-stm32.13.3.rel1.win32_1.0.0.202411081344/tools/bin/../lib/gcc/arm-none-eabi/13.3.1/../../../../arm-none-eabi/lib/thumb/v7e-m+dp/hard\libc_nano.a(libc_a-closer.o)
                              C:/ST/STM32CubeIDE_1.15.0/STM32CubeIDE/plugins/com.st.stm32cube.ide.mcu.externaltools.gnu-tools-for-stm32.13.3.rel1.win32_1.0.0.202411081344/tools/bin/../lib/gcc/arm-none-eabi/13.3.1/../../../../arm-none-eabi/lib/thumb/v7e-m+dp/hard\libc_nano.a(libc_a-stdio.o) (_close_r)
C:/ST/STM32CubeIDE_1.15.0/STM32CubeIDE/plugins/com.st.stm32cube.ide.mcu.externaltools.gnu-tools-for-stm32.13.3.rel1.win32_1.0.0.202411081344/tools/bin/../lib/gcc/arm-none-eabi/13.3.1/../../../../arm-none-eabi/lib/thumb/v7e-m+dp/hard\libc_nano.a(libc_a-reent.o)
                              ./Middlewares/Third_Party/FreeRTOS/Source/tasks.o (_reclaim_reent)
C:/ST/STM32CubeIDE_1.15.0/STM32CubeIDE/plugins/com.st.stm32cube.ide.mcu.externaltools.gnu-tools-for-stm32.13.3.rel1.win32_1.0.0.202411081344/tools/bin/../lib/gcc/arm-none-eabi/13.3.1/../../../../arm-none-eabi/lib/thumb/v7e-m+dp/hard\libc_nano.a(libc_a-impure.o)
                              ./Middlewares/Third_Party/FreeRTOS/Source/tasks.o (_impure_ptr)
C:/ST/STM32CubeIDE_1.15.0/STM32CubeIDE/plugins/com.st.stm32cube.ide.mcu.externaltools.gnu-tools-for-stm32.13.3.rel1.win32_1.0.0.202411081344/tools/bin/../lib/gcc/arm-none-eabi/13.3.1/../../../../arm-none-eabi/lib/thumb/v7e-m+dp/hard\libc_nano.a(libc_a-lseekr.o)
                              C:/ST/STM32CubeIDE_1.15.0/STM32CubeIDE/plugins/com.st.stm32cube.ide.mcu.externaltools.gnu-tools-for-stm32.13.3.rel1.win32_1.0.0.202411081344/tools/bin/../lib/gcc/arm-none-eabi/13.3.1/../../../../arm-none-eabi/lib/thumb/v7e-m+dp/hard\libc_nano.a(libc_a-stdio.o) (_lseek_r)
C:/ST/STM32CubeIDE_1.15.0/STM32CubeIDE/plugins/com.st.stm32cube.ide.mcu.externaltools.gnu-tools-for-stm32.13.3.rel1.win32_1.0.0.202411081344/tools/bin/../lib/gcc/arm-none-eabi/13.3.1/../../../../arm-none-eabi/lib/thumb/v7e-m+dp/hard\libc_nano.a(libc_a-readr.o)
[...]
Memory Configuration

Name             Origin             Length             Attributes
FLASH            0x08000000         0x00200000         xr
DTCMRAM          0x20000000         0x00020000         xrw
RAM_D1           0x24000000         0x00080000         xrw
RAM_D2           0x30000000         0x00048000         xrw
RAM_D3           0x38000000         0x00010000         xrw
ITCMRAM          0x00000000         0x00010000         xrw
*default*        0x00000000         0xffffffff

Linker script and memory map

LOAD C:/ST/STM32CubeIDE_1.15.0/STM32CubeIDE/plugins/com.st.stm32cube.ide.mcu.externaltools.gnu-tools-for-stm32.13.3.rel1.win32_1.0.0.202411081344/tools/bin/../lib/gcc/arm-none-eabi/13.3.1/thumb/v7e-m+dp/hard/crti.o
LOAD C:/ST/STM32CubeIDE_1.15.0/STM32CubeIDE/plugins/com.st.stm32cube.ide.mcu.externaltools.gnu-tools-for-stm32.13.3.rel1.win32_1.0.0.202411081344/tools/bin/../lib/gcc/arm-none-eabi/13.3.1/thumb/v7e-m+dp/hard/crtbegin.o
LOAD C:/ST/STM32CubeIDE_1.15.0/STM32CubeIDE/plugins/com.st.stm32cube.ide.mcu.externaltools.gnu-tools-for-stm32.13.3.rel1.win32_1.0.0.202411081344/tools/bin/../lib/gcc/arm-none-eabi/13.3.1/../../../../arm-none-eabi/lib/thumb/v7e-m+dp/hard/crt0.o
LOAD ./Core/Src/freertos.o
LOAD ./Core/Src/ili9341_driver.o
LOAD ./Core/Src/ili9341_gfx.o
LOAD ./Core/Src/ili9341_hal.o
LOAD ./Core/Src/ili9341_spi.o
LOAD ./Core/Src/main.o
LOAD ./Core/Src/stm32h7xx_hal_msp.o
LOAD ./Core/Src/stm32h7xx_hal_timebase_tim.o
LOAD ./Core/Src/stm32h7xx_it.o
LOAD ./Core/Src/syscalls.o
LOAD ./Core/Src/sysmem.o
LOAD ./Core/Src/system_stm32h7xx.o
LOAD ./Core/Startup/startup_stm32h753zitx.o
LOAD ./Drivers/BSP/STM32H7xx_Nucleo/stm32h7xx_nucleo.o
LOAD ./Drivers/STM32H7xx_HAL_Driver/Src/stm32h7xx_hal.o
LOAD ./Drivers/STM32H7xx_HAL_Driver/Src/stm32h7xx_hal_cortex.o
LOAD ./Drivers/STM32H7xx_HAL_Driver/Src/stm32h7xx_hal_dma.o
LOAD ./Drivers/STM32H7xx_HAL_Driver/Src/stm32h7xx_hal_dma_ex.o
LOAD ./Drivers/STM32H7xx_HAL_Driver/Src/stm32h7xx_hal_exti.o
LOAD ./Drivers/STM32H7xx_HAL_Driver/Src/stm32h7xx_hal_flash.o
LOAD ./Drivers/STM32H7xx_HAL_Driver/Src/stm32h7xx_hal_flash_ex.o
LOAD ./Drivers/STM32H7xx_HAL_Driver/Src/stm32h7xx_hal_gpio.o
LOAD ./Drivers/STM32H7xx_HAL_Driver/Src/stm32h7xx_hal_hsem.o
LOAD ./Drivers/STM32H7xx_HAL_Driver/Src/stm32h7xx_hal_i2c.o
LOAD ./Drivers/STM32H7xx_HAL_Driver/Src/stm32h7xx_hal_i2c_ex.o
LOAD ./Drivers/STM32H7xx_HAL_Driver/Src/stm32h7xx_hal_mdma.o
LOAD ./Drivers/STM32H7xx_HAL_Driver/Src/stm32h7xx_hal_pwr.o
LOAD ./Drivers/STM32H7xx_HAL_Driver/Src/stm32h7xx_hal_pwr_ex.o
LOAD ./Drivers/STM32H7xx_HAL_Driver/Src/stm32h7xx_hal_rcc.o
LOAD ./Drivers/STM32H7xx_HAL_Driver/Src/stm32h7xx_hal_rcc_ex.o
LOAD ./Drivers/STM32H7xx_HAL_Driver/Src/stm32h7xx_hal_spi.o
LOAD ./Drivers/STM32H7xx_HAL_Driver/Src/stm32h7xx_hal_spi_ex.o
LOAD ./Drivers/STM32H7xx_HAL_Driver/Src/stm32h7xx_hal_tim.o
LOAD ./Drivers/STM32H7xx_HAL_Driver/Src/stm32h7xx_hal_tim_ex.o
LOAD ./Drivers/STM32H7xx_HAL_Driver/Src/stm32h7xx_hal_uart.o
LOAD ./Drivers/STM32H7xx_HAL_Driver/Src/stm32h7xx_hal_uart_ex.o
LOAD ./Drivers/STM32H7xx_HAL_Driver/Src/stm32h7xx_hal_usart.o
LOAD ./Drivers/STM32H7xx_HAL_Driver/Src/stm32h7xx_hal_usart_ex.o
LOAD ./Middlewares/Third_Party/FreeRTOS/Source/CMSIS_RTOS_V2/cmsis_os2.o
LOAD ./Middlewares/Third_Party/FreeRTOS/Source/croutine.o
LOAD ./Middlewares/Third_Party/FreeRTOS/Source/event_groups.o
LOAD ./Middlewares/Third_Party/FreeRTOS/Source/list.o
LOAD ./Middlewares/Third_Party/FreeRTOS/Source/queue.o
LOAD ./Middlewares/Third_Party/FreeRTOS/Source/stream_buffer.o
LOAD ./Middlewares/Third_Party/FreeRTOS/Source/tasks.o
LOAD ./Middlewares/Third_Party/FreeRTOS/Source/timers.o
LOAD ./Middlewares/Third_Party/FreeRTOS/Source/portable/GCC/ARM_CM4F/port.o
LOAD ./Middlewares/Third_Party/FreeRTOS/Source/portable/MemMang/heap_4.o
START GROUP
LOAD C:/ST/STM32CubeIDE_1.15.0/STM32CubeIDE/plugins/com.st.stm32cube.ide.mcu.externaltools.gnu-tools-for-stm32.13.3.rel1.win32_1.0.0.202411081344/tools/bin/../lib/gcc/arm-none-eabi/13.3.1/../../../../arm-none-eabi/lib/thumb/v7e-m+dp/hard\libc_nano.a
LOAD C:/ST/STM32CubeIDE_1.15.0/STM32CubeIDE/plugins/com.st.stm32cube.ide.mcu.externaltools.gnu-tools-for-stm32.13.3.rel1.win32_1.0.0.202411081344/tools/bin/../lib/gcc/arm-none-eabi/13.3.1/../../../../arm-none-eabi/lib/thumb/v7e-m+dp/hard\libm.a
END GROUP
START GROUP
LOAD C:/ST/STM32CubeIDE_1.15.0/STM32CubeIDE/plugins/com.st.stm32cube.ide.mcu.externaltools.gnu-tools-for-stm32.13.3.rel1.win32_1.0.0.202411081344/tools/bin/../lib/gcc/arm-none-eabi/13.3.1/thumb/v7e-m+dp/hard\libgcc.a
LOAD C:/ST/STM32CubeIDE_1.15.0/STM32CubeIDE/plugins/com.st.stm32cube.ide.mcu.externaltools.gnu-tools-for-stm32.13.3.rel1.win32_1.0.0.202411081344/tools/bin/../lib/gcc/arm-none-eabi/13.3.1/../../../../arm-none-eabi/lib/thumb/v7e-m+dp/hard\libc_nano.a
END GROUP
START GROUP
LOAD C:/ST/STM32CubeIDE_1.15.0/STM32CubeIDE/plugins/com.st.stm32cube.ide.mcu.externaltools.gnu-tools-for-stm32.13.3.rel1.win32_1.0.0.202411081344/tools/bin/../lib/gcc/arm-none-eabi/13.3.1/thumb/v7e-m+dp/hard\libgcc.a
LOAD C:/ST/STM32CubeIDE_1.15.0/STM32CubeIDE/plugins/com.st.stm32cube.ide.mcu.externaltools.gnu-tools-for-stm32.13.3.rel1.win32_1.0.0.202411081344/tools/bin/../lib/gcc/arm-none-eabi/13.3.1/../../../../arm-none-eabi/lib/thumb/v7e-m+dp/hard\libc_nano.a
LOAD C:/ST/STM32CubeIDE_1.15.0/STM32CubeIDE/plugins/com.st.stm32cube.ide.mcu.externaltools.gnu-tools-for-stm32.13.3.rel1.win32_1.0.0.202411081344/tools/bin/../lib/gcc/arm-none-eabi/13.3.1/../../../../arm-none-eabi/lib/thumb/v7e-m+dp/hard\libnosys.a
END GROUP
START GROUP
LOAD C:/ST/STM32CubeIDE_1.15.0/STM32CubeIDE/plugins/com.st.stm32cube.ide.mcu.externaltools.gnu-tools-for-stm32.13.3.rel1.win32_1.0.0.202411081344/tools/bin/../lib/gcc/arm-none-eabi/13.3.1/thumb/v7e-m+dp/hard\libgcc.a
LOAD C:/ST/STM32CubeIDE_1.15.0/STM32CubeIDE/plugins/com.st.stm32cube.ide.mcu.externaltools.gnu-tools-for-stm32.13.3.rel1.win32_1.0.0.202411081344/tools/bin/../lib/gcc/arm-none-eabi/13.3.1/../../../../arm-none-eabi/lib/thumb/v7e-m+dp/hard\libc_nano.a
LOAD C:/ST/STM32CubeIDE_1.15.0/STM32CubeIDE/plugins/com.st.stm32cube.ide.mcu.externaltools.gnu-tools-for-stm32.13.3.rel1.win32_1.0.0.202411081344/tools/bin/../lib/gcc/arm-none-eabi/13.3.1/../../../../arm-none-eabi/lib/thumb/v7e-m+dp/hard\libnosys.a
END GROUP
LOAD C:/ST/STM32CubeIDE_1.15.0/STM32CubeIDE/plugins/com.st.stm32cube.ide.mcu.externaltools.gnu-tools-for-stm32.13.3.rel1.win32_1.0.0.202411081344/tools/bin/../lib/gcc/arm-none-eabi/13.3.1/thumb/v7e-m+dp/hard/crtend.o
LOAD C:/ST/STM32CubeIDE_1.15.0/STM32CubeIDE/plugins/com.st.stm32cube.ide.mcu.externaltools.gnu-tools-for-stm32.13.3.rel1.win32_1.0.0.202411081344/tools/bin/../lib/gcc/arm-none-eabi/13.3.1/thumb/v7e-m+dp/hard/crtn.o
                0x24080000                        _estack = (ORIGIN (RAM_D1) + LENGTH (RAM_D1))
                0x00000200                        _Min_Heap_Size = 0x200
                0x00000400                        _Min_Stack_Size = 0x400

.isr_vector     0x08000000      0x298
                0x08000000                        . = ALIGN (0x4)
 *(.isr_vector)
 .isr_vector    0x08000000      0x298 ./Core/Startup/startup_stm32h753zitx.o
                0x08000000                g_pfnVectors
                0x08000298                        . = ALIGN (0x4)

.text           0x080002a0     0xd574
                0x080002a0                        . = ALIGN (0x4)
 *(.text)
 .text          0x080002a0       0x40 C:/ST/STM32CubeIDE_1.15.0/STM32CubeIDE/plugins/com.st.stm32cube.ide.mcu.externaltools.gnu-tools-for-stm32.13.3.rel1.win32_1.0.0.202411081344/tools/bin/../lib/gcc/arm-none-eabi/13.3.1/thumb/v7e-m+dp/hard/crtbegin.o
 .text          0x080002e0       0x30 C:/ST/STM32CubeIDE_1.15.0/STM32CubeIDE/plugins/com.st.stm32cube.ide.mcu.externaltools.gnu-tools-for-stm32.13.3.rel1.win32_1.0.0.202411081344/tools/bin/../lib/gcc/arm-none-eabi/13.3.1/thumb/v7e-m+dp/hard\libgcc.a(_aeabi_uldivmod.o)
                0x080002e0                __aeabi_uldivmod
 .text          0x08000310      0x2f8 C:/ST/STM32CubeIDE_1.15.0/STM32CubeIDE/plugins/com.st.stm32cube.ide.mcu.externaltools.gnu-tools-for-stm32.13.3.rel1.win32_1.0.0.202411081344/tools/bin/../lib/gcc/arm-none-eabi/13.3.1/thumb/v7e-m+dp/hard\libgcc.a(_udivmoddi4.o)
                0x08000310                __udivmoddi4
 .text          0x08000608        0x4 C:/ST/STM32CubeIDE_1.15.0/STM32CubeIDE/plugins/com.st.stm32cube.ide.mcu.externaltools.gnu-tools-for-stm32.13.3.rel1.win32_1.0.0.202411081344/tools/bin/../lib/gcc/arm-none-eabi/13.3.1/thumb/v7e-m+dp/hard\libgcc.a(_dvmd_tls.o)
                0x08000608                __aeabi_idiv0
                0x08000608                __aeabi_ldiv0
 *(.text*)
 .text.ILI9341_Write_Command
                0x0800060c       0x40 ./Core/Src/ili9341_driver.o
                0x0800060c                ILI9341_Write_Command
 .text.ILI9341_Write_Data8
                0x0800064c       0x40 ./Core/Src/ili9341_driver.o
                0x0800064c                ILI9341_Write_Data8
 .text.ILI9341_Write_Data16
                0x0800068c       0x54 ./Core/Src/ili9341_driver.o
                0x0800068c                ILI9341_Write_Data16
 .text.ILI9341_SetWindow
                0x080006e0       0xd0 ./Core/Src/ili9341_driver.o
                0x080006e0                ILI9341_SetWindow
 .text.ILI9341_Driver_Init
                0x080007b0       0x4a ./Core/Src/ili9341_driver.o
                0x080007b0                ILI9341_Driver_Init
 *fill*         0x080007fa        0x6 
 .text.ILI9341_Transmit_Frame
                0x08000800      0x100 ./Core/Src/ili9341_driver.o
                0x08000800                ILI9341_Transmit_Frame
 .text.ILI9341_Transmit_Frame1
                0x08000900       0xd0 ./Core/Src/ili9341_driver.o
                0x08000900                ILI9341_Transmit_Frame1
 .text.HAL_SPI_TxCpltCallback
                0x080009d0       0x48 ./Core/Src/ili9341_driver.o
                0x080009d0                HAL_SPI_TxCpltCallback
 .text.GetBufferIndex
                0x08000a18       0x32 ./Core/Src/ili9341_gfx.o
                0x08000a18                GetBufferIndex
 .text.ValidCoordinates
                0x08000a4a       0x48 ./Core/Src/ili9341_gfx.o
                0x08000a4a                ValidCoordinates
 .text.ILI9341_GFX_Init
                0x08000a92       0x50 ./Core/Src/ili9341_gfx.o
                0x08000a92                ILI9341_GFX_Init
 .text.ILI9341_GFX_Clear
                0x08000ae2       0x26 ./Core/Src/ili9341_gfx.o
                0x08000ae2                ILI9341_GFX_Clear
 .text.ILI9341_GFX_FillScreen
                0x08000b08       0x88 ./Core/Src/ili9341_gfx.o
                0x08000b08                ILI9341_GFX_FillScreen
 .text.ILI9341_GFX_SetPixel
                0x08000b90       0x82 ./Core/Src/ili9341_gfx.o
                0x08000b90                ILI9341_GFX_SetPixel
 *fill*         0x08000c12        0x2 
 .text.ILI9341_StripeTest
                0x08000c14       0xf8 ./Core/Src/ili9341_gfx.o
                0x08000c14                ILI9341_StripeTest
 .text.ILI9341_WriteStripe
                0x08000d0c       0xf4 ./Core/Src/ili9341_gfx.o
                0x08000d0c                ILI9341_WriteStripe
 .text.ILI9341_Test
                0x08000e00       0x8c ./Core/Src/ili9341_gfx.o
                0x08000e00                ILI9341_Test
 .text.ILI9341_CS_Low
                0x08000e8c       0x18 ./Core/Src/ili9341_hal.o
                0x08000e8c                ILI9341_CS_Low
 .text.ILI9341_CS_High
                0x08000ea4       0x18 ./Core/Src/ili9341_hal.o
                0x08000ea4                ILI9341_CS_High
 .text.ILI9341_DC_Low
                0x08000ebc       0x18 ./Core/Src/ili9341_hal.o
                0x08000ebc                ILI9341_DC_Low
 .text.ILI9341_DC_High
                0x08000ed4       0x18 ./Core/Src/ili9341_hal.o
                0x08000ed4                ILI9341_DC_High
 .text.ILI9341_Reset
                0x08000eec       0x30 ./Core/Src/ili9341_hal.o
                0x08000eec                ILI9341_Reset
 .text.main     0x08000f1c      0x184 ./Core/Src/main.o
                0x08000f1c                main
 .text.SystemClock_Config
                0x080010a0       0xf4 ./Core/Src/main.o
                0x080010a0                SystemClock_Config
 .text.MX_SPI1_Init
                0x08001194       0xc0 ./Core/Src/main.o
 .text.MX_DMA_Init
                0x08001254       0x40 ./Core/Src/main.o
 .text.MX_GPIO_Init
                0x08001294      0x138 ./Core/Src/main.o
 .text.StartFrameWriteTask
                0x080013cc       0x84 ./Core/Src/main.o
                0x080013cc                StartFrameWriteTask
 .text.StartFrameTxTask
                0x08001450       0x48 ./Core/Src/main.o
                0x08001450                StartFrameTxTask
 .text.HAL_TIM_PeriodElapsedCallback
                0x08001498       0x24 ./Core/Src/main.o
                0x08001498                HAL_TIM_PeriodElapsedCallback
 .text.Error_Handler
                0x080014bc        0xc ./Core/Src/main.o
                0x080014bc                Error_Handler
 .text.HAL_MspInit
                0x080014c8       0x3c ./Core/Src/stm32h7xx_hal_msp.o
                0x080014c8                HAL_MspInit
 .text.HAL_SPI_MspInit
                0x08001504      0x1a4 ./Core/Src/stm32h7xx_hal_msp.o
                0x08001504                HAL_SPI_MspInit
 .text.HAL_InitTick
                0x080016a8       0xd8 ./Core/Src/stm32h7xx_hal_timebase_tim.o
                0x080016a8                HAL_InitTick
 .text.NMI_Handler
                0x08001780        0x8 ./Core/Src/stm32h7xx_it.o
                0x08001780                NMI_Handler
 .text.HardFault_Handler
                0x08001788        0x8 ./Core/Src/stm32h7xx_it.o
                0x08001788                HardFault_Handler
 .text.MemManage_Handler
                0x08001790        0x8 ./Core/Src/stm32h7xx_it.o
                0x08001790                MemManage_Handler
 .text.BusFault_Handler
                0x08001798        0x8 ./Core/Src/stm32h7xx_it.o
                0x08001798                BusFault_Handler
 .text.UsageFault_Handler
                0x080017a0        0x8 ./Core/Src/stm32h7xx_it.o
                0x080017a0                UsageFault_Handler
 .text.DebugMon_Handler
                0x080017a8        0xe ./Core/Src/stm32h7xx_it.o
                0x080017a8                DebugMon_Handler
 *fill*         0x080017b6        0x2 
 .text.DMA1_Stream0_IRQHandler
                0x080017b8       0x14 ./Core/Src/stm32h7xx_it.o
                0x080017b8                DMA1_Stream0_IRQHandler
 .text.SPI1_IRQHandler
                0x080017cc       0x14 ./Core/Src/stm32h7xx_it.o
                0x080017cc                SPI1_IRQHandler
 .text.EXTI15_10_IRQHandler
                0x080017e0        0xe ./Core/Src/stm32h7xx_it.o
                0x080017e0                EXTI15_10_IRQHandler
 *fill*         0x080017ee        0x2 
 .text.TIM6_DAC_IRQHandler
                0x080017f0       0x14 ./Core/Src/stm32h7xx_it.o
                0x080017f0                TIM6_DAC_IRQHandler
 .text.SystemInit
                0x08001804      0x140 ./Core/Src/system_stm32h7xx.o
                0x08001804                SystemInit
 .text.ExitRun0Mode
                0x08001944       0x30 ./Core/Src/system_stm32h7xx.o
                0x08001944                ExitRun0Mode
 .text.Reset_Handler
                0x08001974       0x54 ./Core/Startup/startup_stm32h753zitx.o
                0x08001974                Reset_Handler
 .text.Default_Handler
                0x080019c8        0x2 ./Core/Startup/startup_stm32h753zitx.o
                0x080019c8                RTC_Alarm_IRQHandler
                0x080019c8                HASH_RNG_IRQHandler
                0x080019c8                EXTI2_IRQHandler
                0x080019c8                TIM8_CC_IRQHandler
                0x080019c8                HRTIM1_Master_IRQHandler
                0x080019c8                UART8_IRQHandler
                0x080019c8                SPI4_IRQHandler
                0x080019c8                TIM1_CC_IRQHandler
                0x080019c8                BDMA_Channel6_IRQHandler
                0x080019c8                DMA2_Stream5_IRQHandler
                0x080019c8                HRTIM1_FLT_IRQHandler
                0x080019c8                JPEG_IRQHandler
                0x080019c8                DMA1_Stream5_IRQHandler
                0x080019c8                BDMA_Channel1_IRQHandler
                0x080019c8                HRTIM1_TIMD_IRQHandler
                0x080019c8                TAMP_STAMP_IRQHandler
                0x080019c8                EXTI3_IRQHandler
                0x080019c8                LPTIM4_IRQHandler
                0x080019c8                TIM8_TRG_COM_TIM14_IRQHandler
                0x080019c8                LPTIM2_IRQHandler
                0x080019c8                DFSDM1_FLT1_IRQHandler
                0x080019c8                DMAMUX2_OVR_IRQHandler
                0x080019c8                TIM8_UP_TIM13_IRQHandler
                0x080019c8                I2C3_ER_IRQHandler
                0x080019c8                DFSDM1_FLT2_IRQHandler
                0x080019c8                MDMA_IRQHandler
                0x080019c8                LPTIM3_IRQHandler
                0x080019c8                HSEM1_IRQHandler
                0x080019c8                EXTI0_IRQHandler
                0x080019c8                I2C2_EV_IRQHandler
                0x080019c8                DMA1_Stream2_IRQHandler
                0x080019c8                FPU_IRQHandler
                0x080019c8                OTG_HS_WKUP_IRQHandler
                0x080019c8                FDCAN1_IT1_IRQHandler
                0x080019c8                LTDC_ER_IRQHandler
                0x080019c8                DMA2_Stream2_IRQHandler
                0x080019c8                HRTIM1_TIME_IRQHandler
                0x080019c8                DCMI_IRQHandler
                0x080019c8                HRTIM1_TIMC_IRQHandler
                0x080019c8                DMA2_Stream3_IRQHandler
                0x080019c8                SAI2_IRQHandler
                0x080019c8                DFSDM1_FLT3_IRQHandler
                0x080019c8                USART6_IRQHandler
                0x080019c8                TIM17_IRQHandler
                0x080019c8                USART3_IRQHandler
                0x080019c8                BDMA_Channel7_IRQHandler
                0x080019c8                CRYP_IRQHandler
                0x080019c8                LPTIM5_IRQHandler
                0x080019c8                UART5_IRQHandler
                0x080019c8                ADC3_IRQHandler
                0x080019c8                DMA2_Stream0_IRQHandler
                0x080019c8                TIM4_IRQHandler
                0x080019c8                BDMA_Channel2_IRQHandler
                0x080019c8                QUADSPI_IRQHandler
                0x080019c8                I2C1_EV_IRQHandler
                0x080019c8                DMA1_Stream6_IRQHandler
                0x080019c8                DMAMUX1_OVR_IRQHandler
                0x080019c8                DMA1_Stream1_IRQHandler
                0x080019c8                TIM16_IRQHandler
                0x080019c8                UART4_IRQHandler
                0x080019c8                BDMA_Channel5_IRQHandler
                0x080019c8                TIM3_IRQHandler
                0x080019c8                RCC_IRQHandler
                0x080019c8                TIM8_BRK_TIM12_IRQHandler
                0x080019c8                TIM1_TRG_COM_IRQHandler
                0x080019c8                Default_Handler
                0x080019c8                ECC_IRQHandler
                0x080019c8                CEC_IRQHandler
                0x080019c8                BDMA_Channel0_IRQHandler
                0x080019c8                ADC_IRQHandler
                0x080019c8                DMA1_Stream7_IRQHandler
                0x080019c8                HRTIM1_TIMA_IRQHandler
                0x080019c8                SPI5_IRQHandler
                0x080019c8                TIM7_IRQHandler
                0x080019c8                SDMMC1_IRQHandler
                0x080019c8                TIM5_IRQHandler
                0x080019c8                DMA2_Stream7_IRQHandler
                0x080019c8                TIM15_IRQHandler
                0x080019c8                PVD_AVD_IRQHandler
                0x080019c8                I2C3_EV_IRQHandler
                0x080019c8                EXTI9_5_IRQHandler
                0x080019c8                RTC_WKUP_IRQHandler
                0x080019c8                LTDC_IRQHandler
                0x080019c8                SAI3_IRQHandler
                0x080019c8                ETH_WKUP_IRQHandler
                0x080019c8                SPDIF_RX_IRQHandler
                0x080019c8                SPI2_IRQHandler
                0x080019c8                OTG_HS_EP1_IN_IRQHandler
                0x080019c8                CRS_IRQHandler
                0x080019c8                EXTI4_IRQHandler
                0x080019c8                HRTIM1_TIMB_IRQHandler
                0x080019c8                FDCAN2_IT1_IRQHandler
                0x080019c8                ETH_IRQHandler
                0x080019c8                TIM1_UP_IRQHandler
                0x080019c8                BDMA_Channel4_IRQHandler
                0x080019c8                OTG_HS_EP1_OUT_IRQHandler
                0x080019c8                WWDG_IRQHandler
                0x080019c8                SPI6_IRQHandler
                0x080019c8                MDIOS_IRQHandler
                0x080019c8                I2C4_EV_IRQHandler
                0x080019c8                FDCAN2_IT0_IRQHandler
                0x080019c8                LPUART1_IRQHandler
                0x080019c8                FDCAN1_IT0_IRQHandler
                0x080019c8                TIM2_IRQHandler
                0x080019c8                OTG_FS_WKUP_IRQHandler
                0x080019c8                OTG_HS_IRQHandler
                0x080019c8                DMA2D_IRQHandler
                0x080019c8                TIM1_BRK_IRQHandler
                0x080019c8                EXTI1_IRQHandler
                0x080019c8                SDMMC2_IRQHandler
                0x080019c8                OTG_FS_EP1_OUT_IRQHandler
                0x080019c8                BDMA_Channel3_IRQHandler
                0x080019c8                UART7_IRQHandler
                0x080019c8                MDIOS_WKUP_IRQHandler
                0x080019c8                USART2_IRQHandler
                0x080019c8                DFSDM1_FLT0_IRQHandler
                0x080019c8                SAI4_IRQHandler
                0x080019c8                I2C2_ER_IRQHandler
                0x080019c8                DMA2_Stream1_IRQHandler
                0x080019c8                FLASH_IRQHandler
                0x080019c8                DMA2_Stream4_IRQHandler
                0x080019c8                USART1_IRQHandler
                0x080019c8                OTG_FS_IRQHandler
                0x080019c8                SPI3_IRQHandler
                0x080019c8                WAKEUP_PIN_IRQHandler
                0x080019c8                DMA1_Stream4_IRQHandler
                0x080019c8                OTG_FS_EP1_IN_IRQHandler
                0x080019c8                I2C1_ER_IRQHandler
                0x080019c8                FMC_IRQHandler
                0x080019c8                FDCAN_CAL_IRQHandler
                0x080019c8                SWPMI1_IRQHandler
                0x080019c8                COMP1_IRQHandler
                0x080019c8                LPTIM1_IRQHandler
                0x080019c8                I2C4_ER_IRQHandler
                0x080019c8                DMA2_Stream6_IRQHandler
                0x080019c8                SAI1_IRQHandler
                0x080019c8                DMA1_Stream3_IRQHandler
 *fill*         0x080019ca        0x2 
 .text.BSP_LED_Init
                0x080019cc       0xec ./Drivers/BSP/STM32H7xx_Nucleo/stm32h7xx_nucleo.o
                0x080019cc                BSP_LED_Init
 .text.BSP_PB_Init
                0x08001ab8       0xe4 ./Drivers/BSP/STM32H7xx_Nucleo/stm32h7xx_nucleo.o
                0x08001ab8                BSP_PB_Init
 .text.BSP_PB_IRQHandler
                0x08001b9c       0x24 ./Drivers/BSP/STM32H7xx_Nucleo/stm32h7xx_nucleo.o
                0x08001b9c                BSP_PB_IRQHandler
 .text.BSP_PB_Callback
                0x08001bc0       0x16 ./Drivers/BSP/STM32H7xx_Nucleo/stm32h7xx_nucleo.o
                0x08001bc0                BSP_PB_Callback
 *fill*         0x08001bd6        0x2 
 .text.BSP_COM_Init
                0x08001bd8       0x60 ./Drivers/BSP/STM32H7xx_Nucleo/stm32h7xx_nucleo.o
                0x08001bd8                BSP_COM_Init
 .text.MX_USART3_Init
                0x08001c38       0x64 ./Drivers/BSP/STM32H7xx_Nucleo/stm32h7xx_nucleo.o
                0x08001c38                MX_USART3_Init
 .text.BUTTON_USER_EXTI_Callback
                0x08001c9c        0xe ./Drivers/BSP/STM32H7xx_Nucleo/stm32h7xx_nucleo.o
 *fill*         0x08001caa        0x2 
 .text.COM1_MspInit
                0x08001cac       0xb0 ./Drivers/BSP/STM32H7xx_Nucleo/stm32h7xx_nucleo.o
 .text.HAL_Init
                0x08001d5c       0x78 ./Drivers/STM32H7xx_HAL_Driver/Src/stm32h7xx_hal.o
                0x08001d5c                HAL_Init
 .text.HAL_IncTick
                0x08001dd4       0x28 ./Drivers/STM32H7xx_HAL_Driver/Src/stm32h7xx_hal.o
                0x08001dd4                HAL_IncTick
 .text.HAL_GetTick
                0x08001dfc       0x18 ./Drivers/STM32H7xx_HAL_Driver/Src/stm32h7xx_hal.o
                0x08001dfc                HAL_GetTick
 .text.HAL_Delay
                0x08001e14       0x48 ./Drivers/STM32H7xx_HAL_Driver/Src/stm32h7xx_hal.o
                0x08001e14                HAL_Delay
 .text.HAL_GetREVID
                0x08001e5c       0x18 ./Drivers/STM32H7xx_HAL_Driver/Src/stm32h7xx_hal.o
                0x08001e5c                HAL_GetREVID
 .text.__NVIC_SetPriorityGrouping
                0x08001e74       0x48 ./Drivers/STM32H7xx_HAL_Driver/Src/stm32h7xx_hal_cortex.o
 .text.__NVIC_GetPriorityGrouping
                0x08001ebc       0x1c ./Drivers/STM32H7xx_HAL_Driver/Src/stm32h7xx_hal_cortex.o
 .text.__NVIC_EnableIRQ
                0x08001ed8       0x3c ./Drivers/STM32H7xx_HAL_Driver/Src/stm32h7xx_hal_cortex.o
 .text.__NVIC_SetPriority
                0x08001f14       0x54 ./Drivers/STM32H7xx_HAL_Driver/Src/stm32h7xx_hal_cortex.o
 .text.NVIC_EncodePriority
                0x08001f68       0x66 ./Drivers/STM32H7xx_HAL_Driver/Src/stm32h7xx_hal_cortex.o
 .text.HAL_NVIC_SetPriorityGrouping
                0x08001fce       0x16 ./Drivers/STM32H7xx_HAL_Driver/Src/stm32h7xx_hal_cortex.o
                0x08001fce                HAL_NVIC_SetPriorityGrouping
 .text.HAL_NVIC_SetPriority
                0x08001fe4       0x34 ./Drivers/STM32H7xx_HAL_Driver/Src/stm32h7xx_hal_cortex.o
                0x08001fe4                HAL_NVIC_SetPriority
 .text.HAL_NVIC_EnableIRQ
                0x08002018       0x1c ./Drivers/STM32H7xx_HAL_Driver/Src/stm32h7xx_hal_cortex.o
                0x08002018                HAL_NVIC_EnableIRQ
 .text.HAL_DMA_Init
                0x08002034      0x6b8 ./Drivers/STM32H7xx_HAL_Driver/Src/stm32h7xx_hal_dma.o
                0x08002034                HAL_DMA_Init
 .text.HAL_DMA_Start_IT
                0x080026ec      0x4d4 ./Drivers/STM32H7xx_HAL_Driver/Src/stm32h7xx_hal_dma.o
                0x080026ec                HAL_DMA_Start_IT
 .text.HAL_DMA_Abort_IT
                0x08002bc0      0x48c ./Drivers/STM32H7xx_HAL_Driver/Src/stm32h7xx_hal_dma.o
                0x08002bc0                HAL_DMA_Abort_IT
 .text.HAL_DMA_IRQHandler
                0x0800304c      0xe54 ./Drivers/STM32H7xx_HAL_Driver/Src/stm32h7xx_hal_dma.o
                0x0800304c                HAL_DMA_IRQHandler
 .text.HAL_DMA_GetError
                0x08003ea0       0x18 ./Drivers/STM32H7xx_HAL_Driver/Src/stm32h7xx_hal_dma.o
                0x08003ea0                HAL_DMA_GetError
 .text.DMA_SetConfig
                0x08003eb8      0x358 ./Drivers/STM32H7xx_HAL_Driver/Src/stm32h7xx_hal_dma.o
 .text.DMA_CalcBaseAndBitshift
                0x08004210      0x164 ./Drivers/STM32H7xx_HAL_Driver/Src/stm32h7xx_hal_dma.o
 .text.DMA_CheckFifoParam
                0x08004374       0xf8 ./Drivers/STM32H7xx_HAL_Driver/Src/stm32h7xx_hal_dma.o
 .text.DMA_CalcDMAMUXChannelBaseAndMask
                0x0800446c      0x134 ./Drivers/STM32H7xx_HAL_Driver/Src/stm32h7xx_hal_dma.o
 .text.DMA_CalcDMAMUXRequestGenBaseAndMask
                0x080045a0       0xe8 ./Drivers/STM32H7xx_HAL_Driver/Src/stm32h7xx_hal_dma.o
 .text.HAL_EXTI_RegisterCallback
                0x08004688       0x3e ./Drivers/STM32H7xx_HAL_Driver/Src/stm32h7xx_hal_exti.o
                0x08004688                HAL_EXTI_RegisterCallback
 .text.HAL_EXTI_GetHandle
                0x080046c6       0x28 ./Drivers/STM32H7xx_HAL_Driver/Src/stm32h7xx_hal_exti.o
                0x080046c6                HAL_EXTI_GetHandle
 *fill*         0x080046ee        0x2 
 .text.HAL_EXTI_IRQHandler
                0x080046f0       0x60 ./Drivers/STM32H7xx_HAL_Driver/Src/stm32h7xx_hal_exti.o
                0x080046f0                HAL_EXTI_IRQHandler
 .text.HAL_GPIO_Init
                0x08004750      0x360 ./Drivers/STM32H7xx_HAL_Driver/Src/stm32h7xx_hal_gpio.o
                0x08004750                HAL_GPIO_Init
 .text.HAL_GPIO_WritePin
                0x08004ab0       0x32 ./Drivers/STM32H7xx_HAL_Driver/Src/stm32h7xx_hal_gpio.o
                0x08004ab0                HAL_GPIO_WritePin
 *fill*         0x08004ae2        0x2 
 .text.HAL_PWREx_ConfigSupply
                0x08004ae4       0x74 ./Drivers/STM32H7xx_HAL_Driver/Src/stm32h7xx_hal_pwr_ex.o
                0x08004ae4                HAL_PWREx_ConfigSupply
 .text.HAL_RCC_OscConfig
                0x08004b58      0x8b4 ./Drivers/STM32H7xx_HAL_Driver/Src/stm32h7xx_hal_rcc.o
                0x08004b58                HAL_RCC_OscConfig
 .text.HAL_RCC_ClockConfig
                0x0800540c      0x36c ./Drivers/STM32H7xx_HAL_Driver/Src/stm32h7xx_hal_rcc.o
                0x0800540c                HAL_RCC_ClockConfig
 .text.HAL_RCC_GetSysClockFreq
                0x08005778      0x2f4 ./Drivers/STM32H7xx_HAL_Driver/Src/stm32h7xx_hal_rcc.o
                0x08005778                HAL_RCC_GetSysClockFreq
 .text.HAL_RCC_GetHCLKFreq
                0x08005a6c       0x60 ./Drivers/STM32H7xx_HAL_Driver/Src/stm32h7xx_hal_rcc.o
                0x08005a6c                HAL_RCC_GetHCLKFreq
 .text.HAL_RCC_GetPCLK1Freq
                0x08005acc       0x2c ./Drivers/STM32H7xx_HAL_Driver/Src/stm32h7xx_hal_rcc.o
                0x08005acc                HAL_RCC_GetPCLK1Freq
 .text.HAL_RCC_GetPCLK2Freq
                0x08005af8       0x2c ./Drivers/STM32H7xx_HAL_Driver/Src/stm32h7xx_hal_rcc.o
                0x08005af8                HAL_RCC_GetPCLK2Freq
 .text.HAL_RCC_GetClockConfig
                0x08005b24       0x84 ./Drivers/STM32H7xx_HAL_Driver/Src/stm32h7xx_hal_rcc.o
                0x08005b24                HAL_RCC_GetClockConfig
 .text.HAL_RCCEx_PeriphCLKConfig
                0x08005ba8     0x1414 ./Drivers/STM32H7xx_HAL_Driver/Src/stm32h7xx_hal_rcc_ex.o
                0x08005ba8                HAL_RCCEx_PeriphCLKConfig
 .text.HAL_RCCEx_GetD3PCLK1Freq
                0x08006fbc       0x2c ./Drivers/STM32H7xx_HAL_Driver/Src/stm32h7xx_hal_rcc_ex.o
                0x08006fbc                HAL_RCCEx_GetD3PCLK1Freq
 .text.HAL_RCCEx_GetPLL2ClockFreq
                0x08006fe8      0x2a8 ./Drivers/STM32H7xx_HAL_Driver/Src/stm32h7xx_hal_rcc_ex.o
                0x08006fe8                HAL_RCCEx_GetPLL2ClockFreq
 .text.HAL_RCCEx_GetPLL3ClockFreq
                0x08007290      0x2a8 ./Drivers/STM32H7xx_HAL_Driver/Src/stm32h7xx_hal_rcc_ex.o
                0x08007290                HAL_RCCEx_GetPLL3ClockFreq
 .text.RCCEx_PLL2_Config
                0x08007538      0x164 ./Drivers/STM32H7xx_HAL_Driver/Src/stm32h7xx_hal_rcc_ex.o
 .text.RCCEx_PLL3_Config
                0x0800769c      0x164 ./Drivers/STM32H7xx_HAL_Driver/Src/stm32h7xx_hal_rcc_ex.o
 .text.HAL_SPI_Init
                0x08007800      0x248 ./Drivers/STM32H7xx_HAL_Driver/Src/stm32h7xx_hal_spi.o
                0x08007800                HAL_SPI_Init
 .text.HAL_SPI_Transmit
                0x08007a48      0x3dc ./Drivers/STM32H7xx_HAL_Driver/Src/stm32h7xx_hal_spi.o
                0x08007a48                HAL_SPI_Transmit
 .text.HAL_SPI_Transmit_DMA
                0x08007e24      0x284 ./Drivers/STM32H7xx_HAL_Driver/Src/stm32h7xx_hal_spi.o
                0x08007e24                HAL_SPI_Transmit_DMA
 .text.HAL_SPI_IRQHandler
                0x080080a8      0x39c ./Drivers/STM32H7xx_HAL_Driver/Src/stm32h7xx_hal_spi.o
                0x080080a8                HAL_SPI_IRQHandler
 .text.HAL_SPI_RxCpltCallback
                0x08008444       0x14 ./Drivers/STM32H7xx_HAL_Driver/Src/stm32h7xx_hal_spi.o
                0x08008444                HAL_SPI_RxCpltCallback
 .text.HAL_SPI_TxRxCpltCallback
                0x08008458       0x14 ./Drivers/STM32H7xx_HAL_Driver/Src/stm32h7xx_hal_spi.o
                0x08008458                HAL_SPI_TxRxCpltCallback
 .text.HAL_SPI_TxHalfCpltCallback
                0x0800846c       0x14 ./Drivers/STM32H7xx_HAL_Driver/Src/stm32h7xx_hal_spi.o
                0x0800846c                HAL_SPI_TxHalfCpltCallback
 .text.HAL_SPI_ErrorCallback
                0x08008480       0x14 ./Drivers/STM32H7xx_HAL_Driver/Src/stm32h7xx_hal_spi.o
                0x08008480                HAL_SPI_ErrorCallback
 .text.HAL_SPI_SuspendCallback
                0x08008494       0x14 ./Drivers/STM32H7xx_HAL_Driver/Src/stm32h7xx_hal_spi.o
                0x08008494                HAL_SPI_SuspendCallback
 .text.SPI_DMATransmitCplt
                0x080084a8       0x46 ./Drivers/STM32H7xx_HAL_Driver/Src/stm32h7xx_hal_spi.o
 .text.SPI_DMAHalfTransmitCplt
                0x080084ee       0x1c ./Drivers/STM32H7xx_HAL_Driver/Src/stm32h7xx_hal_spi.o
 .text.SPI_DMAError
                0x0800850a       0x46 ./Drivers/STM32H7xx_HAL_Driver/Src/stm32h7xx_hal_spi.o
 .text.SPI_DMAAbortOnError
                0x08008550       0x34 ./Drivers/STM32H7xx_HAL_Driver/Src/stm32h7xx_hal_spi.o
 .text.SPI_CloseTransfer
                0x08008584      0x140 ./Drivers/STM32H7xx_HAL_Driver/Src/stm32h7xx_hal_spi.o
 .text.SPI_WaitOnFlagUntilTimeout
                0x080086c4       0x5c ./Drivers/STM32H7xx_HAL_Driver/Src/stm32h7xx_hal_spi.o
 .text.SPI_GetPacketSize
                0x08008720       0x36 ./Drivers/STM32H7xx_HAL_Driver/Src/stm32h7xx_hal_spi.o
 .text.HAL_TIM_Base_Init
                0x08008756       0xae ./Drivers/STM32H7xx_HAL_Driver/Src/stm32h7xx_hal_tim.o
                0x08008756                HAL_TIM_Base_Init
 .text.HAL_TIM_Base_MspInit
                0x08008804       0x14 ./Drivers/STM32H7xx_HAL_Driver/Src/stm32h7xx_hal_tim.o
                0x08008804                HAL_TIM_Base_MspInit
 .text.HAL_TIM_Base_Start_IT
                0x08008818       0xf0 ./Drivers/STM32H7xx_HAL_Driver/Src/stm32h7xx_hal_tim.o
                0x08008818                HAL_TIM_Base_Start_IT
 .text.HAL_TIM_IRQHandler
                0x08008908      0x20e ./Drivers/STM32H7xx_HAL_Driver/Src/stm32h7xx_hal_tim.o
                0x08008908                HAL_TIM_IRQHandler
 .text.HAL_TIM_OC_DelayElapsedCallback
                0x08008b16       0x14 ./Drivers/STM32H7xx_HAL_Driver/Src/stm32h7xx_hal_tim.o
                0x08008b16                HAL_TIM_OC_DelayElapsedCallback
 .text.HAL_TIM_IC_CaptureCallback
                0x08008b2a       0x14 ./Drivers/STM32H7xx_HAL_Driver/Src/stm32h7xx_hal_tim.o
                0x08008b2a                HAL_TIM_IC_CaptureCallback
 .text.HAL_TIM_PWM_PulseFinishedCallback
                0x08008b3e       0x14 ./Drivers/STM32H7xx_HAL_Driver/Src/stm32h7xx_hal_tim.o
                0x08008b3e                HAL_TIM_PWM_PulseFinishedCallback
 .text.HAL_TIM_TriggerCallback
                0x08008b52       0x14 ./Drivers/STM32H7xx_HAL_Driver/Src/stm32h7xx_hal_tim.o
                0x08008b52                HAL_TIM_TriggerCallback
 *fill*         0x08008b66        0x2 
 .text.TIM_Base_SetConfig
                0x08008b68      0x140 ./Drivers/STM32H7xx_HAL_Driver/Src/stm32h7xx_hal_tim.o
                0x08008b68                TIM_Base_SetConfig
 .text.HAL_TIMEx_CommutCallback
                0x08008ca8       0x14 ./Drivers/STM32H7xx_HAL_Driver/Src/stm32h7xx_hal_tim_ex.o
                0x08008ca8                HAL_TIMEx_CommutCallback
 .text.HAL_TIMEx_BreakCallback
                0x08008cbc       0x14 ./Drivers/STM32H7xx_HAL_Driver/Src/stm32h7xx_hal_tim_ex.o
                0x08008cbc                HAL_TIMEx_BreakCallback
 .text.HAL_TIMEx_Break2Callback
                0x08008cd0       0x14 ./Drivers/STM32H7xx_HAL_Driver/Src/stm32h7xx_hal_tim_ex.o
                0x08008cd0                HAL_TIMEx_Break2Callback
 .text.HAL_UART_Init
                0x08008ce4       0xa0 ./Drivers/STM32H7xx_HAL_Driver/Src/stm32h7xx_hal_uart.o
                0x08008ce4                HAL_UART_Init
 .text.HAL_UART_MspInit
                0x08008d84       0x14 ./Drivers/STM32H7xx_HAL_Driver/Src/stm32h7xx_hal_uart.o
                0x08008d84                HAL_UART_MspInit
 .text.UART_SetConfig
                0x08008d98      0xad0 ./Drivers/STM32H7xx_HAL_Driver/Src/stm32h7xx_hal_uart.o
                0x08008d98                UART_SetConfig
 .text.UART_AdvFeatureConfig
                0x08009868      0x144 ./Drivers/STM32H7xx_HAL_Driver/Src/stm32h7xx_hal_uart.o
                0x08009868                UART_AdvFeatureConfig
 .text.UART_CheckIdleState
                0x080099ac      0x154 ./Drivers/STM32H7xx_HAL_Driver/Src/stm32h7xx_hal_uart.o
                0x080099ac                UART_CheckIdleState
 .text.UART_WaitOnFlagUntilTimeout
                0x08009b00       0xda ./Drivers/STM32H7xx_HAL_Driver/Src/stm32h7xx_hal_uart.o
                0x08009b00                UART_WaitOnFlagUntilTimeout
 *fill*         0x08009bda        0x2 
 .text.UART_EndRxTransfer
                0x08009bdc       0xcc ./Drivers/STM32H7xx_HAL_Driver/Src/stm32h7xx_hal_uart.o
 .text.__NVIC_SetPriority
                0x08009ca8       0x54 ./Middlewares/Third_Party/FreeRTOS/Source/CMSIS_RTOS_V2/cmsis_os2.o
 .text.SysTick_Handler
                0x08009cfc       0x20 ./Middlewares/Third_Party/FreeRTOS/Source/CMSIS_RTOS_V2/cmsis_os2.o
                0x08009cfc                SysTick_Handler
 .text.SVC_Setup
                0x08009d1c       0x12 ./Middlewares/Third_Party/FreeRTOS/Source/CMSIS_RTOS_V2/cmsis_os2.o
 *fill*         0x08009d2e        0x2 
 .text.osKernelInitialize
                0x08009d30       0x48 ./Middlewares/Third_Party/FreeRTOS/Source/CMSIS_RTOS_V2/cmsis_os2.o
                0x08009d30                osKernelInitialize
 .text.osKernelStart
                0x08009d78       0x4c ./Middlewares/Third_Party/FreeRTOS/Source/CMSIS_RTOS_V2/cmsis_os2.o
                0x08009d78                osKernelStart
 .text.osThreadNew
                0x08009dc4      0x124 ./Middlewares/Third_Party/FreeRTOS/Source/CMSIS_RTOS_V2/cmsis_os2.o
                0x08009dc4                osThreadNew
 .text.osDelay  0x08009ee8       0x36 ./Middlewares/Third_Party/FreeRTOS/Source/CMSIS_RTOS_V2/cmsis_os2.o
                0x08009ee8                osDelay
 .text.osSemaphoreNew
                0x08009f1e      0x112 ./Middlewares/Third_Party/FreeRTOS/Source/CMSIS_RTOS_V2/cmsis_os2.o
                0x08009f1e                osSemaphoreNew
 .text.osSemaphoreAcquire
                0x0800a030       0xa4 ./Middlewares/Third_Party/FreeRTOS/Source/CMSIS_RTOS_V2/cmsis_os2.o
                0x0800a030                osSemaphoreAcquire
 .text.osSemaphoreRelease
                0x0800a0d4       0x88 ./Middlewares/Third_Party/FreeRTOS/Source/CMSIS_RTOS_V2/cmsis_os2.o
                0x0800a0d4                osSemaphoreRelease
 .text.osMessageQueueNew
                0x0800a15c       0xe6 ./Middlewares/Third_Party/FreeRTOS/Source/CMSIS_RTOS_V2/cmsis_os2.o
                0x0800a15c                osMessageQueueNew
 *fill*         0x0800a242        0x2 
 .text.osMessageQueuePut
                0x0800a244       0xc0 ./Middlewares/Third_Party/FreeRTOS/Source/CMSIS_RTOS_V2/cmsis_os2.o
                0x0800a244                osMessageQueuePut
 .text.osMessageQueueGet
                0x0800a304       0xbc ./Middlewares/Third_Party/FreeRTOS/Source/CMSIS_RTOS_V2/cmsis_os2.o
                0x0800a304                osMessageQueueGet
 .text.vApplicationGetIdleTaskMemory
                0x0800a3c0       0x34 ./Middlewares/Third_Party/FreeRTOS/Source/CMSIS_RTOS_V2/cmsis_os2.o
                0x0800a3c0                vApplicationGetIdleTaskMemory
 .text.vApplicationGetTimerTaskMemory
                0x0800a3f4       0x34 ./Middlewares/Third_Party/FreeRTOS/Source/CMSIS_RTOS_V2/cmsis_os2.o
                0x0800a3f4                vApplicationGetTimerTaskMemory
 .text.vListInitialise
                0x0800a428       0x40 ./Middlewares/Third_Party/FreeRTOS/Source/list.o
                0x0800a428                vListInitialise
 .text.vListInitialiseItem
                0x0800a468       0x1a ./Middlewares/Third_Party/FreeRTOS/Source/list.o
                0x0800a468                vListInitialiseItem
 .text.vListInsertEnd
                0x0800a482       0x48 ./Middlewares/Third_Party/FreeRTOS/Source/list.o
                0x0800a482                vListInsertEnd
 .text.vListInsert
                0x0800a4ca       0x72 ./Middlewares/Third_Party/FreeRTOS/Source/list.o
                0x0800a4ca                vListInsert
 .text.uxListRemove
                0x0800a53c       0x54 ./Middlewares/Third_Party/FreeRTOS/Source/list.o
                0x0800a53c                uxListRemove
 .text.xQueueGenericReset
                0x0800a590       0xd4 ./Middlewares/Third_Party/FreeRTOS/Source/queue.o
                0x0800a590                xQueueGenericReset
 .text.xQueueGenericCreateStatic
                0x0800a664       0xfa ./Middlewares/Third_Party/FreeRTOS/Source/queue.o
                0x0800a664                xQueueGenericCreateStatic
 .text.xQueueGenericCreate
                0x0800a75e       0x76 ./Middlewares/Third_Party/FreeRTOS/Source/queue.o
                0x0800a75e                xQueueGenericCreate
 .text.prvInitialiseNewQueue
                0x0800a7d4       0x46 ./Middlewares/Third_Party/FreeRTOS/Source/queue.o
 .text.xQueueCreateCountingSemaphoreStatic
                0x0800a81a       0x72 ./Middlewares/Third_Party/FreeRTOS/Source/queue.o
                0x0800a81a                xQueueCreateCountingSemaphoreStatic
 .text.xQueueCreateCountingSemaphore
                0x0800a88c       0x6a ./Middlewares/Third_Party/FreeRTOS/Source/queue.o
                0x0800a88c                xQueueCreateCountingSemaphore
 *fill*         0x0800a8f6        0x2 
 .text.xQueueGenericSend
                0x0800a8f8      0x204 ./Middlewares/Third_Party/FreeRTOS/Source/queue.o
                0x0800a8f8                xQueueGenericSend
 .text.xQueueGenericSendFromISR
                0x0800aafc      0x13c ./Middlewares/Third_Party/FreeRTOS/Source/queue.o
                0x0800aafc                xQueueGenericSendFromISR
 .text.xQueueGiveFromISR
                0x0800ac38      0x120 ./Middlewares/Third_Party/FreeRTOS/Source/queue.o
                0x0800ac38                xQueueGiveFromISR
 .text.xQueueReceive
                0x0800ad58      0x1c4 ./Middlewares/Third_Party/FreeRTOS/Source/queue.o
                0x0800ad58                xQueueReceive
 .text.xQueueSemaphoreTake
                0x0800af1c      0x220 ./Middlewares/Third_Party/FreeRTOS/Source/queue.o
                0x0800af1c                xQueueSemaphoreTake
 .text.xQueueReceiveFromISR
                0x0800b13c      0x104 ./Middlewares/Third_Party/FreeRTOS/Source/queue.o
                0x0800b13c                xQueueReceiveFromISR
 .text.vQueueDelete
                0x0800b240       0x48 ./Middlewares/Third_Party/FreeRTOS/Source/queue.o
                0x0800b240                vQueueDelete
 .text.prvGetDisinheritPriorityAfterTimeout
                0x0800b288       0x30 ./Middlewares/Third_Party/FreeRTOS/Source/queue.o
 .text.prvCopyDataToQueue
                0x0800b2b8       0xd4 ./Middlewares/Third_Party/FreeRTOS/Source/queue.o
 .text.prvCopyDataFromQueue
                0x0800b38c       0x4c ./Middlewares/Third_Party/FreeRTOS/Source/queue.o
 .text.prvUnlockQueue
                0x0800b3d8       0xa4 ./Middlewares/Third_Party/FreeRTOS/Source/queue.o
 .text.prvIsQueueEmpty
                0x0800b47c       0x2c ./Middlewares/Third_Party/FreeRTOS/Source/queue.o
 .text.prvIsQueueFull
                0x0800b4a8       0x30 ./Middlewares/Third_Party/FreeRTOS/Source/queue.o
 .text.vQueueAddToRegistry
                0x0800b4d8       0x54 ./Middlewares/Third_Party/FreeRTOS/Source/queue.o
                0x0800b4d8                vQueueAddToRegistry
 .text.vQueueUnregisterQueue
                0x0800b52c       0x54 ./Middlewares/Third_Party/FreeRTOS/Source/queue.o
                0x0800b52c                vQueueUnregisterQueue
 .text.vQueueWaitForMessageRestricted
                0x0800b580       0x68 ./Middlewares/Third_Party/FreeRTOS/Source/queue.o
                0x0800b580                vQueueWaitForMessageRestricted
 .text.xTaskCreateStatic
                0x0800b5e8       0xc0 ./Middlewares/Third_Party/FreeRTOS/Source/tasks.o
                0x0800b5e8                xTaskCreateStatic
 .text.xTaskCreate
                0x0800b6a8       0x8a ./Middlewares/Third_Party/FreeRTOS/Source/tasks.o
                0x0800b6a8                xTaskCreate
 *fill*         0x0800b732        0x2 
 .text.prvInitialiseNewTask
                0x0800b734      0x150 ./Middlewares/Third_Party/FreeRTOS/Source/tasks.o
 .text.prvAddNewTaskToReadyList
                0x0800b884       0xe0 ./Middlewares/Third_Party/FreeRTOS/Source/tasks.o
 .text.vTaskDelay
                0x0800b964       0x6c ./Middlewares/Third_Party/FreeRTOS/Source/tasks.o
                0x0800b964                vTaskDelay
 .text.vTaskStartScheduler
                0x0800b9d0       0xe0 ./Middlewares/Third_Party/FreeRTOS/Source/tasks.o
                0x0800b9d0                vTaskStartScheduler
 .text.vTaskSuspendAll
                0x0800bab0       0x1c ./Middlewares/Third_Party/FreeRTOS/Source/tasks.o
                0x0800bab0                vTaskSuspendAll
 .text.xTaskResumeAll
                0x0800bacc      0x13c ./Middlewares/Third_Party/FreeRTOS/Source/tasks.o
                0x0800bacc                xTaskResumeAll
 .text.xTaskGetTickCount
                0x0800bc08       0x20 ./Middlewares/Third_Party/FreeRTOS/Source/tasks.o
                0x0800bc08                xTaskGetTickCount
 .text.xTaskIncrementTick
                0x0800bc28      0x174 ./Middlewares/Third_Party/FreeRTOS/Source/tasks.o
                0x0800bc28                xTaskIncrementTick
 .text.vTaskSwitchContext
                0x0800bd9c       0xcc ./Middlewares/Third_Party/FreeRTOS/Source/tasks.o
                0x0800bd9c                vTaskSwitchContext
 .text.vTaskPlaceOnEventList
                0x0800be68       0x4c ./Middlewares/Third_Party/FreeRTOS/Source/tasks.o
                0x0800be68                vTaskPlaceOnEventList
 .text.vTaskPlaceOnEventListRestricted
                0x0800beb4       0x58 ./Middlewares/Third_Party/FreeRTOS/Source/tasks.o
                0x0800beb4                vTaskPlaceOnEventListRestricted
 .text.xTaskRemoveFromEventList
                0x0800bf0c       0xc8 ./Middlewares/Third_Party/FreeRTOS/Source/tasks.o
                0x0800bf0c                xTaskRemoveFromEventList
 .text.vTaskInternalSetTimeOutState
                0x0800bfd4       0x2c ./Middlewares/Third_Party/FreeRTOS/Source/tasks.o
                0x0800bfd4                vTaskInternalSetTimeOutState
 .text.xTaskCheckForTimeOut
                0x0800c000       0xc8 ./Middlewares/Third_Party/FreeRTOS/Source/tasks.o
                0x0800c000                xTaskCheckForTimeOut
 .text.vTaskMissedYield
                0x0800c0c8       0x18 ./Middlewares/Third_Party/FreeRTOS/Source/tasks.o
                0x0800c0c8                vTaskMissedYield
 .text.prvIdleTask
                0x0800c0e0       0x30 ./Middlewares/Third_Party/FreeRTOS/Source/tasks.o
 .text.prvInitialiseTaskLists
                0x0800c110       0x80 ./Middlewares/Third_Party/FreeRTOS/Source/tasks.o
 .text.prvCheckTasksWaitingTermination
                0x0800c190       0x5c ./Middlewares/Third_Party/FreeRTOS/Source/tasks.o
 .text.prvDeleteTCB
                0x0800c1ec       0x6a ./Middlewares/Third_Party/FreeRTOS/Source/tasks.o
 *fill*         0x0800c256        0x2 
 .text.prvResetNextTaskUnblockTime
                0x0800c258       0x40 ./Middlewares/Third_Party/FreeRTOS/Source/tasks.o
 .text.xTaskGetSchedulerState
                0x0800c298       0x3c ./Middlewares/Third_Party/FreeRTOS/Source/tasks.o
                0x0800c298                xTaskGetSchedulerState
 .text.xTaskPriorityInherit
                0x0800c2d4       0xd0 ./Middlewares/Third_Party/FreeRTOS/Source/tasks.o
                0x0800c2d4                xTaskPriorityInherit
 .text.xTaskPriorityDisinherit
                0x0800c3a4       0xe0 ./Middlewares/Third_Party/FreeRTOS/Source/tasks.o
                0x0800c3a4                xTaskPriorityDisinherit
 .text.vTaskPriorityDisinheritAfterTimeout
                0x0800c484      0x108 ./Middlewares/Third_Party/FreeRTOS/Source/tasks.o
                0x0800c484                vTaskPriorityDisinheritAfterTimeout
 .text.pvTaskIncrementMutexHeldCount
                0x0800c58c       0x28 ./Middlewares/Third_Party/FreeRTOS/Source/tasks.o
                0x0800c58c                pvTaskIncrementMutexHeldCount
 .text.prvAddCurrentTaskToDelayedList
                0x0800c5b4       0xa8 ./Middlewares/Third_Party/FreeRTOS/Source/tasks.o
 .text.xTimerCreateTimerTask
                0x0800c65c       0x94 ./Middlewares/Third_Party/FreeRTOS/Source/timers.o
                0x0800c65c                xTimerCreateTimerTask
 .text.xTimerGenericCommand
                0x0800c6f0       0x9c ./Middlewares/Third_Party/FreeRTOS/Source/timers.o
                0x0800c6f0                xTimerGenericCommand
 .text.prvProcessExpiredTimer
                0x0800c78c       0x9c ./Middlewares/Third_Party/FreeRTOS/Source/timers.o
 .text.prvTimerTask
                0x0800c828       0x26 ./Middlewares/Third_Party/FreeRTOS/Source/timers.o
 *fill*         0x0800c84e        0x2 
 .text.prvProcessTimerOrBlockTask
                0x0800c850       0x9c ./Middlewares/Third_Party/FreeRTOS/Source/timers.o
 .text.prvGetNextExpireTime
                0x0800c8ec       0x48 ./Middlewares/Third_Party/FreeRTOS/Source/timers.o
 .text.prvSampleTimeNow
                0x0800c934       0x40 ./Middlewares/Third_Party/FreeRTOS/Source/timers.o
 .text.prvInsertTimerInActiveList
                0x0800c974       0x84 ./Middlewares/Third_Party/FreeRTOS/Source/timers.o
 .text.prvProcessReceivedCommands
                0x0800c9f8      0x1cc ./Middlewares/Third_Party/FreeRTOS/Source/timers.o
 .text.prvSwitchTimerLists
                0x0800cbc4       0xcc ./Middlewares/Third_Party/FreeRTOS/Source/timers.o
 .text.prvCheckForValidListAndQueue
                0x0800cc90       0x80 ./Middlewares/Third_Party/FreeRTOS/Source/timers.o
 .text.pxPortInitialiseStack
                0x0800cd10       0x68 ./Middlewares/Third_Party/FreeRTOS/Source/portable/GCC/ARM_CM4F/port.o
                0x0800cd10                pxPortInitialiseStack
 .text.prvTaskExitError
                0x0800cd78       0x5c ./Middlewares/Third_Party/FreeRTOS/Source/portable/GCC/ARM_CM4F/port.o
 *fill*         0x0800cdd4        0xc 
 .text.SVC_Handler
                0x0800cde0       0x28 ./Middlewares/Third_Party/FreeRTOS/Source/portable/GCC/ARM_CM4F/port.o
                0x0800cde0                SVC_Handler
 .text.prvPortStartFirstTask
                0x0800ce08       0x28 ./Middlewares/Third_Party/FreeRTOS/Source/portable/GCC/ARM_CM4F/port.o
 .text.xPortStartScheduler
                0x0800ce30      0x148 ./Middlewares/Third_Party/FreeRTOS/Source/portable/GCC/ARM_CM4F/port.o
                0x0800ce30                xPortStartScheduler
 .text.vPortEnterCritical
                0x0800cf78       0x64 ./Middlewares/Third_Party/FreeRTOS/Source/portable/GCC/ARM_CM4F/port.o
                0x0800cf78                vPortEnterCritical
 .text.vPortExitCritical
                0x0800cfdc       0x54 ./Middlewares/Third_Party/FreeRTOS/Source/portable/GCC/ARM_CM4F/port.o
                0x0800cfdc                vPortExitCritical
 .text.PendSV_Handler
                0x0800d030       0x68 ./Middlewares/Third_Party/FreeRTOS/Source/portable/GCC/ARM_CM4F/port.o
                0x0800d030                PendSV_Handler
 .text.xPortSysTickHandler
                0x0800d098       0x44 ./Middlewares/Third_Party/FreeRTOS/Source/portable/GCC/ARM_CM4F/port.o
                0x0800d098                xPortSysTickHandler
 .text.vPortSetupTimerInterrupt
                0x0800d0dc       0x48 ./Middlewares/Third_Party/FreeRTOS/Source/portable/GCC/ARM_CM4F/port.o
                0x0800d0dc                vPortSetupTimerInterrupt
 .text.vPortEnableVFP
                0x0800d124       0x14 ./Middlewares/Third_Party/FreeRTOS/Source/portable/GCC/ARM_CM4F/port.o
 .text.vPortValidateInterruptPriority
                0x0800d138       0x84 ./Middlewares/Third_Party/FreeRTOS/Source/portable/GCC/ARM_CM4F/port.o
                0x0800d138                vPortValidateInterruptPriority
 .text.pvPortMalloc
                0x0800d1bc      0x19c ./Middlewares/Third_Party/FreeRTOS/Source/portable/MemMang/heap_4.o
                0x0800d1bc                pvPortMalloc
 .text.vPortFree
                0x0800d358       0xc8 ./Middlewares/Third_Party/FreeRTOS/Source/portable/MemMang/heap_4.o
                0x0800d358                vPortFree
 .text.prvHeapInit
                0x0800d420       0xc4 ./Middlewares/Third_Party/FreeRTOS/Source/portable/MemMang/heap_4.o
 .text.prvInsertBlockIntoFreeList
                0x0800d4e4       0xb4 ./Middlewares/Third_Party/FreeRTOS/Source/portable/MemMang/heap_4.o
 .text.memset   0x0800d598       0x10 C:/ST/STM32CubeIDE_1.15.0/STM32CubeIDE/plugins/com.st.stm32cube.ide.mcu.externaltools.gnu-tools-for-stm32.13.3.rel1.win32_1.0.0.202411081344/tools/bin/../lib/gcc/arm-none-eabi/13.3.1/../../../../arm-none-eabi/lib/thumb/v7e-m+dp/hard\libc_nano.a(libc_a-memset.o)
                0x0800d598                memset
 .text._reclaim_reent
                0x0800d5a8       0xbc C:/ST/STM32CubeIDE_1.15.0/STM32CubeIDE/plugins/com.st.stm32cube.ide.mcu.externaltools.gnu-tools-for-stm32.13.3.rel1.win32_1.0.0.202411081344/tools/bin/../lib/gcc/arm-none-eabi/13.3.1/../../../../arm-none-eabi/lib/thumb/v7e-m+dp/hard\libc_nano.a(libc_a-reent.o)
                0x0800d5a8                _reclaim_reent
 .text.__libc_init_array
                0x0800d664       0x48 C:/ST/STM32CubeIDE_1.15.0/STM32CubeIDE/plugins/com.st.stm32cube.ide.mcu.externaltools.gnu-tools-for-stm32.13.3.rel1.win32_1.0.0.202411081344/tools/bin/../lib/gcc/arm-none-eabi/13.3.1/../../../../arm-none-eabi/lib/thumb/v7e-m+dp/hard\libc_nano.a(libc_a-init.o)
                0x0800d664                __libc_init_array
 .text.__retarget_lock_acquire_recursive
                0x0800d6ac        0x2 C:/ST/STM32CubeIDE_1.15.0/STM32CubeIDE/plugins/com.st.stm32cube.ide.mcu.externaltools.gnu-tools-for-stm32.13.3.rel1.win32_1.0.0.202411081344/tools/bin/../lib/gcc/arm-none-eabi/13.3.1/../../../../arm-none-eabi/lib/thumb/v7e-m+dp/hard\libc_nano.a(libc_a-lock.o)
                0x0800d6ac                __retarget_lock_acquire_recursive
 .text.__retarget_lock_release_recursive
                0x0800d6ae        0x2 C:/ST/STM32CubeIDE_1.15.0/STM32CubeIDE/plugins/com.st.stm32cube.ide.mcu.externaltools.gnu-tools-for-stm32.13.3.rel1.win32_1.0.0.202411081344/tools/bin/../lib/gcc/arm-none-eabi/13.3.1/../../../../arm-none-eabi/lib/thumb/v7e-m+dp/hard\libc_nano.a(libc_a-lock.o)
                0x0800d6ae                __retarget_lock_release_recursive
 .text.memcpy   0x0800d6b0       0x1c C:/ST/STM32CubeIDE_1.15.0/STM32CubeIDE/plugins/com.st.stm32cube.ide.mcu.externaltools.gnu-tools-for-stm32.13.3.rel1.win32_1.0.0.202411081344/tools/bin/../lib/gcc/arm-none-eabi/13.3.1/../../../../arm-none-eabi/lib/thumb/v7e-m+dp/hard\libc_nano.a(libc_a-memcpy-stub.o)
                0x0800d6b0                memcpy
 .text._free_r  0x0800d6cc       0x94 C:/ST/STM32CubeIDE_1.15.0/STM32CubeIDE/plugins/com.st.stm32cube.ide.mcu.externaltools.gnu-tools-for-stm32.13.3.rel1.win32_1.0.0.202411081344/tools/bin/../lib/gcc/arm-none-eabi/13.3.1/../../../../arm-none-eabi/lib/thumb/v7e-m+dp/hard\libc_nano.a(libc_a-freer.o)
                0x0800d6cc                _free_r
 .text.__malloc_lock
                0x0800d760        0xc C:/ST/STM32CubeIDE_1.15.0/STM32CubeIDE/plugins/com.st.stm32cube.ide.mcu.externaltools.gnu-tools-for-stm32.13.3.rel1.win32_1.0.0.202411081344/tools/bin/../lib/gcc/arm-none-eabi/13.3.1/../../../../arm-none-eabi/lib/thumb/v7e-m+dp/hard\libc_nano.a(libc_a-mlock.o)
                0x0800d760                __malloc_lock
 .text.__malloc_unlock
                0x0800d76c        0xc C:/ST/STM32CubeIDE_1.15.0/STM32CubeIDE/plugins/com.st.stm32cube.ide.mcu.externaltools.gnu-tools-for-stm32.13.3.rel1.win32_1.0.0.202411081344/tools/bin/../lib/gcc/arm-none-eabi/13.3.1/../../../../arm-none-eabi/lib/thumb/v7e-m+dp/hard\libc_nano.a(libc_a-mlock.o)
                0x0800d76c                __malloc_unlock
 .text.fmin     0x0800d778       0x3a C:/ST/STM32CubeIDE_1.15.0/STM32CubeIDE/plugins/com.st.stm32cube.ide.mcu.externaltools.gnu-tools-for-stm32.13.3.rel1.win32_1.0.0.202411081344/tools/bin/../lib/gcc/arm-none-eabi/13.3.1/../../../../arm-none-eabi/lib/thumb/v7e-m+dp/hard\libm.a(libm_a-s_fmin.o)
                0x0800d778                fmin
 *fill*         0x0800d7b2        0x2 
 .text.__fpclassifyd
                0x0800d7b4       0x48 C:/ST/STM32CubeIDE_1.15.0/STM32CubeIDE/plugins/com.st.stm32cube.ide.mcu.externaltools.gnu-tools-for-stm32.13.3.rel1.win32_1.0.0.202411081344/tools/bin/../lib/gcc/arm-none-eabi/13.3.1/../../../../arm-none-eabi/lib/thumb/v7e-m+dp/hard\libm.a(libm_a-s_fpclassify.o)
                0x0800d7b4                __fpclassifyd
 *(.glue_7)
 .glue_7        0x0800d7fc        0x0 linker stubs
 *(.glue_7t)
 .glue_7t       0x0800d7fc        0x0 linker stubs
 *(.eh_frame)
 .eh_frame      0x0800d7fc        0x0 C:/ST/STM32CubeIDE_1.15.0/STM32CubeIDE/plugins/com.st.stm32cube.ide.mcu.externaltools.gnu-tools-for-stm32.13.3.rel1.win32_1.0.0.202411081344/tools/bin/../lib/gcc/arm-none-eabi/13.3.1/thumb/v7e-m+dp/hard/crtbegin.o
 *(.init)
 .init          0x0800d7fc        0x4 C:/ST/STM32CubeIDE_1.15.0/STM32CubeIDE/plugins/com.st.stm32cube.ide.mcu.externaltools.gnu-tools-for-stm32.13.3.rel1.win32_1.0.0.202411081344/tools/bin/../lib/gcc/arm-none-eabi/13.3.1/thumb/v7e-m+dp/hard/crti.o
                0x0800d7fc                _init
 .init          0x0800d800        0x8 C:/ST/STM32CubeIDE_1.15.0/STM32CubeIDE/plugins/com.st.stm32cube.ide.mcu.externaltools.gnu-tools-for-stm32.13.3.rel1.win32_1.0.0.202411081344/tools/bin/../lib/gcc/arm-none-eabi/13.3.1/thumb/v7e-m+dp/hard/crtn.o
 *(.fini)
 .fini          0x0800d808        0x4 C:/ST/STM32CubeIDE_1.15.0/STM32CubeIDE/plugins/com.st.stm32cube.ide.mcu.externaltools.gnu-tools-for-stm32.13.3.rel1.win32_1.0.0.202411081344/tools/bin/../lib/gcc/arm-none-eabi/13.3.1/thumb/v7e-m+dp/hard/crti.o
                0x0800d808                _fini
 .fini          0x0800d80c        0x8 C:/ST/STM32CubeIDE_1.15.0/STM32CubeIDE/plugins/com.st.stm32cube.ide.mcu.externaltools.gnu-tools-for-stm32.13.3.rel1.win32_1.0.0.202411081344/tools/bin/../lib/gcc/arm-none-eabi/13.3.1/thumb/v7e-m+dp/hard/crtn.o
                0x0800d814                        . = ALIGN (0x4)
                0x0800d814                        _etext = .

.vfp11_veneer   0x0800d814        0x0
 .vfp11_veneer  0x0800d814        0x0 linker stubs

.v4_bx          0x0800d814        0x0
 .v4_bx         0x0800d814        0x0 linker stubs

.iplt           0x0800d814        0x0
 .iplt          0x0800d814        0x0 C:/ST/STM32CubeIDE_1.15.0/STM32CubeIDE/plugins/com.st.stm32cube.ide.mcu.externaltools.gnu-tools-for-stm32.13.3.rel1.win32_1.0.0.202411081344/tools/bin/../lib/gcc/arm-none-eabi/13.3.1/thumb/v7e-m+dp/hard/crtbegin.o

.rodata         0x0800d814      0x13c
                0x0800d814                        . = ALIGN (0x4)
 *(.rodata)
 .rodata        0x0800d814        0xa ./Core/Src/ili9341_gfx.o
 *fill*         0x0800d81e        0x2 
 .rodata        0x0800d820       0x54 ./Core/Src/main.o
 .rodata        0x0800d874        0x5 ./Middlewares/Third_Party/FreeRTOS/Source/tasks.o
 *fill*         0x0800d879        0x3 
 .rodata        0x0800d87c        0xd ./Middlewares/Third_Party/FreeRTOS/Source/timers.o
 *(.rodata*)
 *fill*         0x0800d889        0x3 
 .rodata.FrameWriteTask_attributes
                0x0800d88c       0x24 ./Core/Src/main.o
                0x0800d88c                FrameWriteTask_attributes
 .rodata.FrameTxTask_attributes
                0x0800d8b0       0x24 ./Core/Src/main.o
                0x0800d8b0                FrameTxTask_attributes
 .rodata.FreeFrameQueue_attributes
                0x0800d8d4       0x18 ./Core/Src/main.o
                0x0800d8d4                FreeFrameQueue_attributes
 .rodata.FrameTxQueue_attributes
                0x0800d8ec       0x18 ./Core/Src/main.o
                0x0800d8ec                FrameTxQueue_attributes
 .rodata.DmaTxComplete_attributes
                0x0800d904       0x10 ./Core/Src/main.o
                0x0800d904                DmaTxComplete_attributes
 .rodata.D1CorePrescTable
                0x0800d914       0x10 ./Core/Src/system_stm32h7xx.o
                0x0800d914                D1CorePrescTable
 .rodata.LED_PIN
                0x0800d924        0x6 ./Drivers/BSP/STM32H7xx_Nucleo/stm32h7xx_nucleo.o
 *fill*         0x0800d92a        0x2 
 .rodata.BUTTON_EXTI_LINE.2
                0x0800d92c        0x4 ./Drivers/BSP/STM32H7xx_Nucleo/stm32h7xx_nucleo.o
 .rodata.flagBitshiftOffset.0
                0x0800d930        0x8 ./Drivers/STM32H7xx_HAL_Driver/Src/stm32h7xx_hal_dma.o
 .rodata.UARTPrescTable
                0x0800d938       0x18 ./Drivers/STM32H7xx_HAL_Driver/Src/stm32h7xx_hal_uart.o
                0x0800d938                UARTPrescTable
                0x0800d950                        . = ALIGN (0x4)

.ARM.extab
 *(.ARM.extab* .gnu.linkonce.armextab.*)

.ARM            0x0800d950        0x8
                0x0800d950                        __exidx_start = .
 *(.ARM.exidx*)
 .ARM.exidx     0x0800d950        0x8 C:/ST/STM32CubeIDE_1.15.0/STM32CubeIDE/plugins/com.st.stm32cube.ide.mcu.externaltools.gnu-tools-for-stm32.13.3.rel1.win32_1.0.0.202411081344/tools/bin/../lib/gcc/arm-none-eabi/13.3.1/thumb/v7e-m+dp/hard\libgcc.a(_udivmoddi4.o)
                0x0800d958                        __exidx_end = .

.preinit_array  0x0800d958        0x0
                0x0800d958                        PROVIDE (__preinit_array_start = .)
 *(.preinit_array*)
                0x0800d958                        PROVIDE (__preinit_array_end = .)

.init_array     0x0800d958        0x4
                0x0800d958                        PROVIDE (__init_array_start = .)
 *(SORT_BY_NAME(.init_array.*))
 *(.init_array*)
 .init_array    0x0800d958        0x4 C:/ST/STM32CubeIDE_1.15.0/STM32CubeIDE/plugins/com.st.stm32cube.ide.mcu.externaltools.gnu-tools-for-stm32.13.3.rel1.win32_1.0.0.202411081344/tools/bin/../lib/gcc/arm-none-eabi/13.3.1/thumb/v7e-m+dp/hard/crtbegin.o
                0x0800d95c                        PROVIDE (__init_array_end = .)

.fini_array     0x0800d95c        0x4
                [!provide]                        PROVIDE (__fini_array_start = .)
 *(SORT_BY_NAME(.fini_array.*))
 *(.fini_array*)
 .fini_array    0x0800d95c        0x4 C:/ST/STM32CubeIDE_1.15.0/STM32CubeIDE/plugins/com.st.stm32cube.ide.mcu.externaltools.gnu-tools-for-stm32.13.3.rel1.win32_1.0.0.202411081344/tools/bin/../lib/gcc/arm-none-eabi/13.3.1/thumb/v7e-m+dp/hard/crtbegin.o
                [!provide]                        PROVIDE (__fini_array_end = .)
                0x0800d960                        _sidata = LOADADDR (.data)

.rel.dyn        0x0800d960        0x0
 .rel.iplt      0x0800d960        0x0 C:/ST/STM32CubeIDE_1.15.0/STM32CubeIDE/plugins/com.st.stm32cube.ide.mcu.externaltools.gnu-tools-for-stm32.13.3.rel1.win32_1.0.0.202411081344/tools/bin/../lib/gcc/arm-none-eabi/13.3.1/thumb/v7e-m+dp/hard/crtbegin.o

.data           0x24000000       0x8c load address 0x0800d960
                0x24000000                        . = ALIGN (0x4)
                0x24000000                        _sdata = .
 *(.data)
 *(.data*)
 .data.buf1     0x24000000        0x4 ./Core/Src/main.o
                0x24000000                buf1
 .data.buf2     0x24000004        0x4 ./Core/Src/main.o
                0x24000004                buf2
 .data.buf3     0x24000008        0x4 ./Core/Src/main.o
                0x24000008                buf3
 .data.SystemCoreClock
                0x2400000c        0x4 ./Core/Src/system_stm32h7xx.o
                0x2400000c                SystemCoreClock
 .data.SystemD2Clock
                0x24000010        0x4 ./Core/Src/system_stm32h7xx.o
                0x24000010                SystemD2Clock
 .data.COM_USART
                0x24000014        0x4 ./Drivers/BSP/STM32H7xx_Nucleo/stm32h7xx_nucleo.o
                0x24000014                COM_USART
 .data.LED_PORT
                0x24000018        0xc ./Drivers/BSP/STM32H7xx_Nucleo/stm32h7xx_nucleo.o
 .data.BUTTON_PORT
                0x24000024        0x4 ./Drivers/BSP/STM32H7xx_Nucleo/stm32h7xx_nucleo.o
 .data.ButtonCallback.1
                0x24000028        0x4 ./Drivers/BSP/STM32H7xx_Nucleo/stm32h7xx_nucleo.o
 .data.BSP_BUTTON_PRIO.0
                0x2400002c        0x4 ./Drivers/BSP/STM32H7xx_Nucleo/stm32h7xx_nucleo.o
 .data.uwTickPrio
                0x24000030        0x4 ./Drivers/STM32H7xx_HAL_Driver/Src/stm32h7xx_hal.o
                0x24000030                uwTickPrio
 .data.uwTickFreq
                0x24000034        0x1 ./Drivers/STM32H7xx_HAL_Driver/Src/stm32h7xx_hal.o
                0x24000034                uwTickFreq
 *fill*         0x24000035        0x3 
 .data.uxCriticalNesting
                0x24000038        0x4 ./Middlewares/Third_Party/FreeRTOS/Source/portable/GCC/ARM_CM4F/port.o
 .data._impure_ptr
                0x2400003c        0x4 C:/ST/STM32CubeIDE_1.15.0/STM32CubeIDE/plugins/com.st.stm32cube.ide.mcu.externaltools.gnu-tools-for-stm32.13.3.rel1.win32_1.0.0.202411081344/tools/bin/../lib/gcc/arm-none-eabi/13.3.1/../../../../arm-none-eabi/lib/thumb/v7e-m+dp/hard\libc_nano.a(libc_a-impure.o)
                0x2400003c                _impure_ptr
 .data._impure_data
                0x24000040       0x4c C:/ST/STM32CubeIDE_1.15.0/STM32CubeIDE/plugins/com.st.stm32cube.ide.mcu.externaltools.gnu-tools-for-stm32.13.3.rel1.win32_1.0.0.202411081344/tools/bin/../lib/gcc/arm-none-eabi/13.3.1/../../../../arm-none-eabi/lib/thumb/v7e-m+dp/hard\libc_nano.a(libc_a-impure.o)
                0x24000040                _impure_data
 *(.RamFunc)
 *(.RamFunc*)
                0x2400008c                        . = ALIGN (0x4)
                0x2400008c                        _edata = .

.igot.plt       0x2400008c        0x0 load address 0x0800d9ec
 .igot.plt      0x2400008c        0x0 C:/ST/STM32CubeIDE_1.15.0/STM32CubeIDE/plugins/com.st.stm32cube.ide.mcu.externaltools.gnu-tools-for-stm32.13.3.rel1.win32_1.0.0.202411081344/tools/bin/../lib/gcc/arm-none-eabi/13.3.1/thumb/v7e-m+dp/hard/crtbegin.o
                0x2400008c                        . = ALIGN (0x4)

.bss            0x2400008c    0x75574 load address 0x0800d9ec
                0x2400008c                        _sbss = .
                0x2400008c                        __bss_start__ = _sbss
 *(.bss)
 .bss           0x2400008c       0x1c C:/ST/STM32CubeIDE_1.15.0/STM32CubeIDE/plugins/com.st.stm32cube.ide.mcu.externaltools.gnu-tools-for-stm32.13.3.rel1.win32_1.0.0.202411081344/tools/bin/../lib/gcc/arm-none-eabi/13.3.1/thumb/v7e-m+dp/hard/crtbegin.o
 *(.bss*)
 .bss.this      0x240000a8        0x1 ./Core/Src/ili9341_driver.o
 *fill*         0x240000a9        0x1 
 .bss.rowCounter.0
                0x240000aa        0x2 ./Core/Src/ili9341_gfx.o
 .bss.frameBuffer1
                0x240000ac    0x25806 ./Core/Src/main.o
                0x240000ac                frameBuffer1
 *fill*         0x240258b2        0x2 
 .bss.frameBuffer2
                0x240258b4    0x25806 ./Core/Src/main.o
                0x240258b4                frameBuffer2
 *fill*         0x2404b0ba        0x2 
 .bss.BspCOMInit
                0x2404b0bc       0x10 ./Core/Src/main.o
                0x2404b0bc                BspCOMInit
 .bss.hspi1     0x2404b0cc       0x88 ./Core/Src/main.o
                0x2404b0cc                hspi1
 .bss.hdma_spi1_tx
                0x2404b154       0x78 ./Core/Src/main.o
                0x2404b154                hdma_spi1_tx
 .bss.FrameWriteTaskHandle
                0x2404b1cc        0x4 ./Core/Src/main.o
                0x2404b1cc                FrameWriteTaskHandle
 .bss.FrameTxTaskHandle
                0x2404b1d0        0x4 ./Core/Src/main.o
                0x2404b1d0                FrameTxTaskHandle
 .bss.FreeFrameQueueHandle
                0x2404b1d4        0x4 ./Core/Src/main.o
                0x2404b1d4                FreeFrameQueueHandle
 .bss.FrameTxQueueHandle
                0x2404b1d8        0x4 ./Core/Src/main.o
                0x2404b1d8                FrameTxQueueHandle
 .bss.DmaTxCompleteHandle
                0x2404b1dc        0x4 ./Core/Src/main.o
                0x2404b1dc                DmaTxCompleteHandle
 .bss.gfx_FrameBuffer.1
                0x2404b1e0    0x25806 ./Core/Src/main.o
 *fill*         0x240709e6        0x2 
 .bss.color.0   0x240709e8        0x4 ./Core/Src/main.o
 .bss.htim6     0x240709ec       0x4c ./Core/Src/stm32h7xx_hal_timebase_tim.o
                0x240709ec                htim6
 .bss.hpb_exti  0x24070a38        0x8 ./Drivers/BSP/STM32H7xx_Nucleo/stm32h7xx_nucleo.o
                0x24070a38                hpb_exti
 .bss.hcom_uart
                0x24070a40       0x94 ./Drivers/BSP/STM32H7xx_Nucleo/stm32h7xx_nucleo.o
                0x24070a40                hcom_uart
 .bss.uwTick    0x24070ad4        0x4 ./Drivers/STM32H7xx_HAL_Driver/Src/stm32h7xx_hal.o
                0x24070ad4                uwTick
 .bss.KernelState
                0x24070ad8        0x4 ./Middlewares/Third_Party/FreeRTOS/Source/CMSIS_RTOS_V2/cmsis_os2.o
 .bss.Idle_TCB.3
                0x24070adc       0xa8 ./Middlewares/Third_Party/FreeRTOS/Source/CMSIS_RTOS_V2/cmsis_os2.o
 .bss.Idle_Stack.2
                0x24070b84      0x200 ./Middlewares/Third_Party/FreeRTOS/Source/CMSIS_RTOS_V2/cmsis_os2.o
 .bss.Timer_TCB.1
                0x24070d84       0xa8 ./Middlewares/Third_Party/FreeRTOS/Source/CMSIS_RTOS_V2/cmsis_os2.o
 .bss.Timer_Stack.0
                0x24070e2c      0x400 ./Middlewares/Third_Party/FreeRTOS/Source/CMSIS_RTOS_V2/cmsis_os2.o
 .bss.xQueueRegistry
                0x2407122c       0x40 ./Middlewares/Third_Party/FreeRTOS/Source/queue.o
                0x2407122c                xQueueRegistry
 .bss.pxCurrentTCB
                0x2407126c        0x4 ./Middlewares/Third_Party/FreeRTOS/Source/tasks.o
                0x2407126c                pxCurrentTCB
 .bss.pxReadyTasksLists
                0x24071270      0x460 ./Middlewares/Third_Party/FreeRTOS/Source/tasks.o
 .bss.xDelayedTaskList1
                0x240716d0       0x14 ./Middlewares/Third_Party/FreeRTOS/Source/tasks.o
 .bss.xDelayedTaskList2
                0x240716e4       0x14 ./Middlewares/Third_Party/FreeRTOS/Source/tasks.o
 .bss.pxDelayedTaskList
                0x240716f8        0x4 ./Middlewares/Third_Party/FreeRTOS/Source/tasks.o
 .bss.pxOverflowDelayedTaskList
                0x240716fc        0x4 ./Middlewares/Third_Party/FreeRTOS/Source/tasks.o
 .bss.xPendingReadyList
                0x24071700       0x14 ./Middlewares/Third_Party/FreeRTOS/Source/tasks.o
 .bss.xTasksWaitingTermination
                0x24071714       0x14 ./Middlewares/Third_Party/FreeRTOS/Source/tasks.o
 .bss.uxDeletedTasksWaitingCleanUp
                0x24071728        0x4 ./Middlewares/Third_Party/FreeRTOS/Source/tasks.o
 .bss.xSuspendedTaskList
                0x2407172c       0x14 ./Middlewares/Third_Party/FreeRTOS/Source/tasks.o
 .bss.uxCurrentNumberOfTasks
                0x24071740        0x4 ./Middlewares/Third_Party/FreeRTOS/Source/tasks.o
 .bss.xTickCount
                0x24071744        0x4 ./Middlewares/Third_Party/FreeRTOS/Source/tasks.o
 .bss.uxTopReadyPriority
                0x24071748        0x4 ./Middlewares/Third_Party/FreeRTOS/Source/tasks.o
 .bss.xSchedulerRunning
                0x2407174c        0x4 ./Middlewares/Third_Party/FreeRTOS/Source/tasks.o
 .bss.xPendedTicks
                0x24071750        0x4 ./Middlewares/Third_Party/FreeRTOS/Source/tasks.o
 .bss.xYieldPending
                0x24071754        0x4 ./Middlewares/Third_Party/FreeRTOS/Source/tasks.o
 .bss.xNumOfOverflows
                0x24071758        0x4 ./Middlewares/Third_Party/FreeRTOS/Source/tasks.o
 .bss.uxTaskNumber
                0x2407175c        0x4 ./Middlewares/Third_Party/FreeRTOS/Source/tasks.o
 .bss.xNextTaskUnblockTime
                0x24071760        0x4 ./Middlewares/Third_Party/FreeRTOS/Source/tasks.o
 .bss.xIdleTaskHandle
                0x24071764        0x4 ./Middlewares/Third_Party/FreeRTOS/Source/tasks.o
 .bss.uxSchedulerSuspended
                0x24071768        0x4 ./Middlewares/Third_Party/FreeRTOS/Source/tasks.o
 .bss.xActiveTimerList1
                0x2407176c       0x14 ./Middlewares/Third_Party/FreeRTOS/Source/timers.o
 .bss.xActiveTimerList2
                0x24071780       0x14 ./Middlewares/Third_Party/FreeRTOS/Source/timers.o
 .bss.pxCurrentTimerList
                0x24071794        0x4 ./Middlewares/Third_Party/FreeRTOS/Source/timers.o
 .bss.pxOverflowTimerList
                0x24071798        0x4 ./Middlewares/Third_Party/FreeRTOS/Source/timers.o
 .bss.xTimerQueue
                0x2407179c        0x4 ./Middlewares/Third_Party/FreeRTOS/Source/timers.o
 .bss.xTimerTaskHandle
                0x240717a0        0x4 ./Middlewares/Third_Party/FreeRTOS/Source/timers.o
 .bss.xLastTime.2
                0x240717a4        0x4 ./Middlewares/Third_Party/FreeRTOS/Source/timers.o
 .bss.ucStaticTimerQueueStorage.1
                0x240717a8       0xa0 ./Middlewares/Third_Party/FreeRTOS/Source/timers.o
 .bss.xStaticTimerQueue.0
                0x24071848       0x50 ./Middlewares/Third_Party/FreeRTOS/Source/timers.o
 .bss.ucMaxSysCallPriority
                0x24071898        0x1 ./Middlewares/Third_Party/FreeRTOS/Source/portable/GCC/ARM_CM4F/port.o
 *fill*         0x24071899        0x3 
 .bss.ulMaxPRIGROUPValue
                0x2407189c        0x4 ./Middlewares/Third_Party/FreeRTOS/Source/portable/GCC/ARM_CM4F/port.o
 .bss.ucHeap    0x240718a0     0x3c00 ./Middlewares/Third_Party/FreeRTOS/Source/portable/MemMang/heap_4.o
 .bss.xStart    0x240754a0        0x8 ./Middlewares/Third_Party/FreeRTOS/Source/portable/MemMang/heap_4.o
 .bss.pxEnd     0x240754a8        0x4 ./Middlewares/Third_Party/FreeRTOS/Source/portable/MemMang/heap_4.o
 .bss.xFreeBytesRemaining
                0x240754ac        0x4 ./Middlewares/Third_Party/FreeRTOS/Source/portable/MemMang/heap_4.o
 .bss.xMinimumEverFreeBytesRemaining
                0x240754b0        0x4 ./Middlewares/Third_Party/FreeRTOS/Source/portable/MemMang/heap_4.o
 .bss.xNumberOfSuccessfulAllocations
                0x240754b4        0x4 ./Middlewares/Third_Party/FreeRTOS/Source/portable/MemMang/heap_4.o
 .bss.xNumberOfSuccessfulFrees
                0x240754b8        0x4 ./Middlewares/Third_Party/FreeRTOS/Source/portable/MemMang/heap_4.o
 .bss.xBlockAllocatedBit
                0x240754bc        0x4 ./Middlewares/Third_Party/FreeRTOS/Source/portable/MemMang/heap_4.o
 .bss.__sf      0x240754c0      0x138 C:/ST/STM32CubeIDE_1.15.0/STM32CubeIDE/plugins/com.st.stm32cube.ide.mcu.externaltools.gnu-tools-for-stm32.13.3.rel1.win32_1.0.0.202411081344/tools/bin/../lib/gcc/arm-none-eabi/13.3.1/../../../../arm-none-eabi/lib/thumb/v7e-m+dp/hard\libc_nano.a(libc_a-findfp.o)
                0x240754c0                __sf
 .bss.__lock___malloc_recursive_mutex
                0x240755f8        0x1 C:/ST/STM32CubeIDE_1.15.0/STM32CubeIDE/plugins/com.st.stm32cube.ide.mcu.externaltools.gnu-tools-for-stm32.13.3.rel1.win32_1.0.0.202411081344/tools/bin/../lib/gcc/arm-none-eabi/13.3.1/../../../../arm-none-eabi/lib/thumb/v7e-m+dp/hard\libc_nano.a(libc_a-lock.o)
                0x240755f8                __lock___malloc_recursive_mutex
 *fill*         0x240755f9        0x3 
 .bss.__malloc_free_list
                0x240755fc        0x4 C:/ST/STM32CubeIDE_1.15.0/STM32CubeIDE/plugins/com.st.stm32cube.ide.mcu.externaltools.gnu-tools-for-stm32.13.3.rel1.win32_1.0.0.202411081344/tools/bin/../lib/gcc/arm-none-eabi/13.3.1/../../../../arm-none-eabi/lib/thumb/v7e-m+dp/hard\libc_nano.a(libc_a-mallocr.o)
                0x240755fc                __malloc_free_list
 *(COMMON)
                0x24075600                        . = ALIGN (0x4)
                0x24075600                        _ebss = .
                0x24075600                        __bss_end__ = _ebss

._user_heap_stack
                0x24075600      0x600 load address 0x0800d9ec
                0x24075600                        . = ALIGN (0x8)
                [!provide]                        PROVIDE (end = .)
                0x24075600                        PROVIDE (_end = .)
                0x24075800                        . = (. + _Min_Heap_Size)
 *fill*         0x24075600      0x200 
                0x24075c00                        . = (. + _Min_Stack_Size)
 *fill*         0x24075800      0x400 
                0x24075c00                        . = ALIGN (0x8)

/DISCARD/
 libc.a(*)
 libm.a(*)
 libgcc.a(*)

.ARM.attributes
                0x00000000       0x2e
 *(.ARM.attributes)
 .ARM.attributes
                0x00000000       0x20 C:/ST/STM32CubeIDE_1.15.0/STM32CubeIDE/plugins/com.st.stm32cube.ide.mcu.externaltools.gnu-tools-for-stm32.13.3.rel1.win32_1.0.0.202411081344/tools/bin/../lib/gcc/arm-none-eabi/13.3.1/thumb/v7e-m+dp/hard/crti.o
 .ARM.attributes
                0x00000020       0x32 C:/ST/STM32CubeIDE_1.15.0/STM32CubeIDE/plugins/com.st.stm32cube.ide.mcu.externaltools.gnu-tools-for-stm32.13.3.rel1.win32_1.0.0.202411081344/tools/bin/../lib/gcc/arm-none-eabi/13.3.1/thumb/v7e-m+dp/hard/crtbegin.o
 .ARM.attributes
                0x00000052       0x32 ./Core/Src/ili9341_driver.o
 .ARM.attributes
                0x00000084       0x32 ./Core/Src/ili9341_gfx.o
 .ARM.attributes
                0x000000b6       0x32 ./Core/Src/ili9341_hal.o
 .ARM.attributes
                0x000000e8       0x32 ./Core/Src/main.o
 .ARM.attributes
                0x0000011a       0x32 ./Core/Src/stm32h7xx_hal_msp.o
 .ARM.attributes
                0x0000014c       0x32 ./Core/Src/stm32h7xx_hal_timebase_tim.o
 .ARM.attributes
                0x0000017e       0x32 ./Core/Src/stm32h7xx_it.o
 .ARM.attributes
                0x000001b0       0x32 ./Core/Src/system_stm32h7xx.o
 .ARM.attributes
                0x000001e2       0x21 ./Core/Startup/startup_stm32h753zitx.o
 .ARM.attributes
                0x00000203       0x32 ./Drivers/BSP/STM32H7xx_Nucleo/stm32h7xx_nucleo.o
 .ARM.attributes
                0x00000235       0x32 ./Drivers/STM32H7xx_HAL_Driver/Src/stm32h7xx_hal.o
 .ARM.attributes
                0x00000267       0x32 ./Drivers/STM32H7xx_HAL_Driver/Src/stm32h7xx_hal_cortex.o
 .ARM.attributes
                0x00000299       0x32 ./Drivers/STM32H7xx_HAL_Driver/Src/stm32h7xx_hal_dma.o
 .ARM.attributes
                0x000002cb       0x32 ./Drivers/STM32H7xx_HAL_Driver/Src/stm32h7xx_hal_exti.o
 .ARM.attributes
                0x000002fd       0x32 ./Drivers/STM32H7xx_HAL_Driver/Src/stm32h7xx_hal_gpio.o
 .ARM.attributes
                0x0000032f       0x32 ./Drivers/STM32H7xx_HAL_Driver/Src/stm32h7xx_hal_pwr_ex.o
 .ARM.attributes
                0x00000361       0x32 ./Drivers/STM32H7xx_HAL_Driver/Src/stm32h7xx_hal_rcc.o
 .ARM.attributes
                0x00000393       0x32 ./Drivers/STM32H7xx_HAL_Driver/Src/stm32h7xx_hal_rcc_ex.o
 .ARM.attributes
                0x000003c5       0x32 ./Drivers/STM32H7xx_HAL_Driver/Src/stm32h7xx_hal_spi.o
 .ARM.attributes
                0x000003f7       0x32 ./Drivers/STM32H7xx_HAL_Driver/Src/stm32h7xx_hal_tim.o
 .ARM.attributes
                0x00000429       0x32 ./Drivers/STM32H7xx_HAL_Driver/Src/stm32h7xx_hal_tim_ex.o
 .ARM.attributes
                0x0000045b       0x32 ./Drivers/STM32H7xx_HAL_Driver/Src/stm32h7xx_hal_uart.o
 .ARM.attributes
                0x0000048d       0x32 ./Middlewares/Third_Party/FreeRTOS/Source/CMSIS_RTOS_V2/cmsis_os2.o
 .ARM.attributes
                0x000004bf       0x32 ./Middlewares/Third_Party/FreeRTOS/Source/list.o
 .ARM.attributes
                0x000004f1       0x32 ./Middlewares/Third_Party/FreeRTOS/Source/queue.o
 .ARM.attributes
                0x00000523       0x32 ./Middlewares/Third_Party/FreeRTOS/Source/tasks.o
 .ARM.attributes
                0x00000555       0x32 ./Middlewares/Third_Party/FreeRTOS/Source/timers.o
 .ARM.attributes
                0x00000587       0x32 ./Middlewares/Third_Party/FreeRTOS/Source/portable/GCC/ARM_CM4F/port.o
 .ARM.attributes
                0x000005b9       0x32 ./Middlewares/Third_Party/FreeRTOS/Source/portable/MemMang/heap_4.o
 .ARM.attributes
                0x000005eb       0x32 C:/ST/STM32CubeIDE_1.15.0/STM32CubeIDE/plugins/com.st.stm32cube.ide.mcu.externaltools.gnu-tools-for-stm32.13.3.rel1.win32_1.0.0.202411081344/tools/bin/../lib/gcc/arm-none-eabi/13.3.1/../../../../arm-none-eabi/lib/thumb/v7e-m+dp/hard\libc_nano.a(libc_a-findfp.o)
 .ARM.attributes
                0x0000061d       0x32 C:/ST/STM32CubeIDE_1.15.0/STM32CubeIDE/plugins/com.st.stm32cube.ide.mcu.externaltools.gnu-tools-for-stm32.13.3.rel1.win32_1.0.0.202411081344/tools/bin/../lib/gcc/arm-none-eabi/13.3.1/../../../../arm-none-eabi/lib/thumb/v7e-m+dp/hard\libc_nano.a(libc_a-memset.o)
 .ARM.attributes
                0x0000064f       0x32 C:/ST/STM32CubeIDE_1.15.0/STM32CubeIDE/plugins/com.st.stm32cube.ide.mcu.externaltools.gnu-tools-for-stm32.13.3.rel1.win32_1.0.0.202411081344/tools/bin/../lib/gcc/arm-none-eabi/13.3.1/../../../../arm-none-eabi/lib/thumb/v7e-m+dp/hard\libc_nano.a(libc_a-reent.o)
 .ARM.attributes
                0x00000681       0x32 C:/ST/STM32CubeIDE_1.15.0/STM32CubeIDE/plugins/com.st.stm32cube.ide.mcu.externaltools.gnu-tools-for-stm32.13.3.rel1.win32_1.0.0.202411081344/tools/bin/../lib/gcc/arm-none-eabi/13.3.1/../../../../arm-none-eabi/lib/thumb/v7e-m+dp/hard\libc_nano.a(libc_a-impure.o)
 .ARM.attributes
                0x000006b3       0x32 C:/ST/STM32CubeIDE_1.15.0/STM32CubeIDE/plugins/com.st.stm32cube.ide.mcu.externaltools.gnu-tools-for-stm32.13.3.rel1.win32_1.0.0.202411081344/tools/bin/../lib/gcc/arm-none-eabi/13.3.1/../../../../arm-none-eabi/lib/thumb/v7e-m+dp/hard\libc_nano.a(libc_a-init.o)
 .ARM.attributes
                0x000006e5       0x32 C:/ST/STM32CubeIDE_1.15.0/STM32CubeIDE/plugins/com.st.stm32cube.ide.mcu.externaltools.gnu-tools-for-stm32.13.3.rel1.win32_1.0.0.202411081344/tools/bin/../lib/gcc/arm-none-eabi/13.3.1/../../../../arm-none-eabi/lib/thumb/v7e-m+dp/hard\libc_nano.a(libc_a-lock.o)
 .ARM.attributes
                0x00000717       0x32 C:/ST/STM32CubeIDE_1.15.0/STM32CubeIDE/plugins/com.st.stm32cube.ide.mcu.externaltools.gnu-tools-for-stm32.13.3.rel1.win32_1.0.0.202411081344/tools/bin/../lib/gcc/arm-none-eabi/13.3.1/../../../../arm-none-eabi/lib/thumb/v7e-m+dp/hard\libc_nano.a(libc_a-memcpy-stub.o)
 .ARM.attributes
                0x00000749       0x32 C:/ST/STM32CubeIDE_1.15.0/STM32CubeIDE/plugins/com.st.stm32cube.ide.mcu.externaltools.gnu-tools-for-stm32.13.3.rel1.win32_1.0.0.202411081344/tools/bin/../lib/gcc/arm-none-eabi/13.3.1/../../../../arm-none-eabi/lib/thumb/v7e-m+dp/hard\libc_nano.a(libc_a-freer.o)
 .ARM.attributes
                0x0000077b       0x32 C:/ST/STM32CubeIDE_1.15.0/STM32CubeIDE/plugins/com.st.stm32cube.ide.mcu.externaltools.gnu-tools-for-stm32.13.3.rel1.win32_1.0.0.202411081344/tools/bin/../lib/gcc/arm-none-eabi/13.3.1/../../../../arm-none-eabi/lib/thumb/v7e-m+dp/hard\libc_nano.a(libc_a-mallocr.o)
 .ARM.attributes
                0x000007ad       0x32 C:/ST/STM32CubeIDE_1.15.0/STM32CubeIDE/plugins/com.st.stm32cube.ide.mcu.externaltools.gnu-tools-for-stm32.13.3.rel1.win32_1.0.0.202411081344/tools/bin/../lib/gcc/arm-none-eabi/13.3.1/../../../../arm-none-eabi/lib/thumb/v7e-m+dp/hard\libc_nano.a(libc_a-mlock.o)
 .ARM.attributes
                0x000007df       0x32 C:/ST/STM32CubeIDE_1.15.0/STM32CubeIDE/plugins/com.st.stm32cube.ide.mcu.externaltools.gnu-tools-for-stm32.13.3.rel1.win32_1.0.0.202411081344/tools/bin/../lib/gcc/arm-none-eabi/13.3.1/../../../../arm-none-eabi/lib/thumb/v7e-m+dp/hard\libm.a(libm_a-s_fmin.o)
 .ARM.attributes
                0x00000811       0x32 C:/ST/STM32CubeIDE_1.15.0/STM32CubeIDE/plugins/com.st.stm32cube.ide.mcu.externaltools.gnu-tools-for-stm32.13.3.rel1.win32_1.0.0.202411081344/tools/bin/../lib/gcc/arm-none-eabi/13.3.1/../../../../arm-none-eabi/lib/thumb/v7e-m+dp/hard\libm.a(libm_a-s_fpclassify.o)
 .ARM.attributes
                0x00000843       0x20 C:/ST/STM32CubeIDE_1.15.0/STM32CubeIDE/plugins/com.st.stm32cube.ide.mcu.externaltools.gnu-tools-for-stm32.13.3.rel1.win32_1.0.0.202411081344/tools/bin/../lib/gcc/arm-none-eabi/13.3.1/thumb/v7e-m+dp/hard\libgcc.a(_aeabi_uldivmod.o)
 .ARM.attributes
                0x00000863       0x32 C:/ST/STM32CubeIDE_1.15.0/STM32CubeIDE/plugins/com.st.stm32cube.ide.mcu.externaltools.gnu-tools-for-stm32.13.3.rel1.win32_1.0.0.202411081344/tools/bin/../lib/gcc/arm-none-eabi/13.3.1/thumb/v7e-m+dp/hard\libgcc.a(_udivmoddi4.o)
 .ARM.attributes
                0x00000895       0x20 C:/ST/STM32CubeIDE_1.15.0/STM32CubeIDE/plugins/com.st.stm32cube.ide.mcu.externaltools.gnu-tools-for-stm32.13.3.rel1.win32_1.0.0.202411081344/tools/bin/../lib/gcc/arm-none-eabi/13.3.1/thumb/v7e-m+dp/hard\libgcc.a(_dvmd_tls.o)
 .ARM.attributes
                0x000008b5       0x20 C:/ST/STM32CubeIDE_1.15.0/STM32CubeIDE/plugins/com.st.stm32cube.ide.mcu.externaltools.gnu-tools-for-stm32.13.3.rel1.win32_1.0.0.202411081344/tools/bin/../lib/gcc/arm-none-eabi/13.3.1/thumb/v7e-m+dp/hard/crtn.o
OUTPUT(LCDTest.elf elf32-littlearm)
LOAD linker stubs
LOAD C:/ST/STM32CubeIDE_1.15.0/STM32CubeIDE/plugins/com.st.stm32cube.ide.mcu.externaltools.gnu-tools-for-stm32.13.3.rel1.win32_1.0.0.202411081344/tools/bin/../lib/gcc/arm-none-eabi/13.3.1/../../../../arm-none-eabi/lib/thumb/v7e-m+dp/hard\libc.a
LOAD C:/ST/STM32CubeIDE_1.15.0/STM32CubeIDE/plugins/com.st.stm32cube.ide.mcu.externaltools.gnu-tools-for-stm32.13.3.rel1.win32_1.0.0.202411081344/tools/bin/../lib/gcc/arm-none-eabi/13.3.1/../../../../arm-none-eabi/lib/thumb/v7e-m+dp/hard\libm.a
LOAD C:/ST/STM32CubeIDE_1.15.0/STM32CubeIDE/plugins/com.st.stm32cube.ide.mcu.externaltools.gnu-tools-for-stm32.13.3.rel1.win32_1.0.0.202411081344/tools/bin/../lib/gcc/arm-none-eabi/13.3.1/thumb/v7e-m+dp/hard\libgcc.a

.debug_info     0x00000000    0x25e48
 .debug_info    0x00000000      0xc14 ./Core/Src/ili9341_driver.o
 .debug_info    0x00000c14      0x556 ./Core/Src/ili9341_gfx.o
 .debug_info    0x0000116a      0x206 ./Core/Src/ili9341_hal.o
 .debug_info    0x00001370     0x2501 ./Core/Src/main.o
 .debug_info    0x00003871     0x1517 ./Core/Src/stm32h7xx_hal_msp.o
 .debug_info    0x00004d88     0x10af ./Core/Src/stm32h7xx_hal_timebase_tim.o
 .debug_info    0x00005e37      0xc5e ./Core/Src/stm32h7xx_it.o
 .debug_info    0x00006a95      0xdb2 ./Core/Src/system_stm32h7xx.o
 .debug_info    0x00007847       0x30 ./Core/Startup/startup_stm32h753zitx.o
 .debug_info    0x00007877     0x1a82 ./Drivers/BSP/STM32H7xx_Nucleo/stm32h7xx_nucleo.o
 .debug_info    0x000092f9     0x1541 ./Drivers/STM32H7xx_HAL_Driver/Src/stm32h7xx_hal.o
 .debug_info    0x0000a83a     0x10b7 ./Drivers/STM32H7xx_HAL_Driver/Src/stm32h7xx_hal_cortex.o
 .debug_info    0x0000b8f1      0xc31 ./Drivers/STM32H7xx_HAL_Driver/Src/stm32h7xx_hal_dma.o
 .debug_info    0x0000c522      0x916 ./Drivers/STM32H7xx_HAL_Driver/Src/stm32h7xx_hal_exti.o
 .debug_info    0x0000ce38      0xc5a ./Drivers/STM32H7xx_HAL_Driver/Src/stm32h7xx_hal_gpio.o
 .debug_info    0x0000da92     0x1012 ./Drivers/STM32H7xx_HAL_Driver/Src/stm32h7xx_hal_pwr_ex.o
 .debug_info    0x0000eaa4      0xe6a ./Drivers/STM32H7xx_HAL_Driver/Src/stm32h7xx_hal_rcc.o
 .debug_info    0x0000f90e     0x1225 ./Drivers/STM32H7xx_HAL_Driver/Src/stm32h7xx_hal_rcc_ex.o
 .debug_info    0x00010b33     0x144a ./Drivers/STM32H7xx_HAL_Driver/Src/stm32h7xx_hal_spi.o
 .debug_info    0x00011f7d     0x2bae ./Drivers/STM32H7xx_HAL_Driver/Src/stm32h7xx_hal_tim.o
 .debug_info    0x00014b2b     0x17eb ./Drivers/STM32H7xx_HAL_Driver/Src/stm32h7xx_hal_tim_ex.o
 .debug_info    0x00016316     0x4b1d ./Drivers/STM32H7xx_HAL_Driver/Src/stm32h7xx_hal_uart.o
 .debug_info    0x0001ae33     0x4429 ./Middlewares/Third_Party/FreeRTOS/Source/CMSIS_RTOS_V2/cmsis_os2.o
 .debug_info    0x0001f25c      0x2af ./Middlewares/Third_Party/FreeRTOS/Source/list.o
 .debug_info    0x0001f50b     0x1b79 ./Middlewares/Third_Party/FreeRTOS/Source/queue.o
 .debug_info    0x00021084     0x28c1 ./Middlewares/Third_Party/FreeRTOS/Source/tasks.o
 .debug_info    0x00023945     0x1b50 ./Middlewares/Third_Party/FreeRTOS/Source/timers.o
 .debug_info    0x00025495      0x4de ./Middlewares/Third_Party/FreeRTOS/Source/portable/GCC/ARM_CM4F/port.o
 .debug_info    0x00025973      0x4d5 ./Middlewares/Third_Party/FreeRTOS/Source/portable/MemMang/heap_4.o

.debug_abbrev   0x00000000     0x47c4
 .debug_abbrev  0x00000000      0x254 ./Core/Src/ili9341_driver.o
 .debug_abbrev  0x00000254      0x1b2 ./Core/Src/ili9341_gfx.o
 .debug_abbrev  0x00000406       0xf5 ./Core/Src/ili9341_hal.o
 .debug_abbrev  0x000004fb      0x3aa ./Core/Src/main.o
 .debug_abbrev  0x000008a5      0x221 ./Core/Src/stm32h7xx_hal_msp.o
 .debug_abbrev  0x00000ac6      0x212 ./Core/Src/stm32h7xx_hal_timebase_tim.o
 .debug_abbrev  0x00000cd8      0x198 ./Core/Src/stm32h7xx_it.o
 .debug_abbrev  0x00000e70      0x165 ./Core/Src/system_stm32h7xx.o
 .debug_abbrev  0x00000fd5       0x24 ./Core/Startup/startup_stm32h753zitx.o
 .debug_abbrev  0x00000ff9      0x340 ./Drivers/BSP/STM32H7xx_Nucleo/stm32h7xx_nucleo.o
 .debug_abbrev  0x00001339      0x295 ./Drivers/STM32H7xx_HAL_Driver/Src/stm32h7xx_hal.o
 .debug_abbrev  0x000015ce      0x339 ./Drivers/STM32H7xx_HAL_Driver/Src/stm32h7xx_hal_cortex.o
 .debug_abbrev  0x00001907      0x248 ./Drivers/STM32H7xx_HAL_Driver/Src/stm32h7xx_hal_dma.o
 .debug_abbrev  0x00001b4f      0x1df ./Drivers/STM32H7xx_HAL_Driver/Src/stm32h7xx_hal_exti.o
 .debug_abbrev  0x00001d2e      0x205 ./Drivers/STM32H7xx_HAL_Driver/Src/stm32h7xx_hal_gpio.o
 .debug_abbrev  0x00001f33      0x2a7 ./Drivers/STM32H7xx_HAL_Driver/Src/stm32h7xx_hal_pwr_ex.o
 .debug_abbrev  0x000021da      0x2c8 ./Drivers/STM32H7xx_HAL_Driver/Src/stm32h7xx_hal_rcc.o
 .debug_abbrev  0x000024a2      0x269 ./Drivers/STM32H7xx_HAL_Driver/Src/stm32h7xx_hal_rcc_ex.o
 .debug_abbrev  0x0000270b      0x2b1 ./Drivers/STM32H7xx_HAL_Driver/Src/stm32h7xx_hal_spi.o
 .debug_abbrev  0x000029bc      0x276 ./Drivers/STM32H7xx_HAL_Driver/Src/stm32h7xx_hal_tim.o
 .debug_abbrev  0x00002c32      0x281 ./Drivers/STM32H7xx_HAL_Driver/Src/stm32h7xx_hal_tim_ex.o
 .debug_abbrev  0x00002eb3      0x33d ./Drivers/STM32H7xx_HAL_Driver/Src/stm32h7xx_hal_uart.o
 .debug_abbrev  0x000031f0      0x54a ./Middlewares/Third_Party/FreeRTOS/Source/CMSIS_RTOS_V2/cmsis_os2.o
 .debug_abbrev  0x0000373a       0xf5 ./Middlewares/Third_Party/FreeRTOS/Source/list.o
 .debug_abbrev  0x0000382f      0x3b6 ./Middlewares/Third_Party/FreeRTOS/Source/queue.o
 .debug_abbrev  0x00003be5      0x3fe ./Middlewares/Third_Party/FreeRTOS/Source/tasks.o
 .debug_abbrev  0x00003fe3      0x368 ./Middlewares/Third_Party/FreeRTOS/Source/timers.o
 .debug_abbrev  0x0000434b      0x25c ./Middlewares/Third_Party/FreeRTOS/Source/portable/GCC/ARM_CM4F/port.o
 .debug_abbrev  0x000045a7      0x21d ./Middlewares/Third_Party/FreeRTOS/Source/portable/MemMang/heap_4.o

.debug_aranges  0x00000000     0x1ba0
 .debug_aranges
                0x00000000       0x60 ./Core/Src/ili9341_driver.o
 .debug_aranges
                0x00000060       0x60 ./Core/Src/ili9341_gfx.o
 .debug_aranges
                0x000000c0       0x40 ./Core/Src/ili9341_hal.o
 .debug_aranges
                0x00000100       0x60 ./Core/Src/main.o
 .debug_aranges
                0x00000160       0x30 ./Core/Src/stm32h7xx_hal_msp.o
 .debug_aranges
                0x00000190       0x30 ./Core/Src/stm32h7xx_hal_timebase_tim.o
 .debug_aranges
                0x000001c0       0x68 ./Core/Src/stm32h7xx_it.o
 .debug_aranges
                0x00000228       0x30 ./Core/Src/system_stm32h7xx.o
 .debug_aranges
                0x00000258       0x28 ./Core/Startup/startup_stm32h753zitx.o
 .debug_aranges
                0x00000280       0xb8 ./Drivers/BSP/STM32H7xx_Nucleo/stm32h7xx_nucleo.o
 .debug_aranges
                0x00000338      0x198 ./Drivers/STM32H7xx_HAL_Driver/Src/stm32h7xx_hal.o
 .debug_aranges
                0x000004d0      0x130 ./Drivers/STM32H7xx_HAL_Driver/Src/stm32h7xx_hal_cortex.o
 .debug_aranges
                0x00000600       0xa0 ./Drivers/STM32H7xx_HAL_Driver/Src/stm32h7xx_hal_dma.o
 .debug_aranges
                0x000006a0       0x60 ./Drivers/STM32H7xx_HAL_Driver/Src/stm32h7xx_hal_exti.o
 .debug_aranges
                0x00000700       0x58 ./Drivers/STM32H7xx_HAL_Driver/Src/stm32h7xx_hal_gpio.o
 .debug_aranges
                0x00000758      0x158 ./Drivers/STM32H7xx_HAL_Driver/Src/stm32h7xx_hal_pwr_ex.o
 .debug_aranges
                0x000008b0       0x88 ./Drivers/STM32H7xx_HAL_Driver/Src/stm32h7xx_hal_rcc.o
 .debug_aranges
                0x00000938       0xf8 ./Drivers/STM32H7xx_HAL_Driver/Src/stm32h7xx_hal_rcc_ex.o
 .debug_aranges
                0x00000a30      0x1a8 ./Drivers/STM32H7xx_HAL_Driver/Src/stm32h7xx_hal_spi.o
 .debug_aranges