../Core/Src/main.c:43:6:ILI9341_CS_Low	8	static
../Core/Src/main.c:47:6:ILI9341_CS_High	8	static
../Core/Src/main.c:51:6:ILI9341_DC_Low	8	static
../Core/Src/main.c:55:6:ILI9341_DC_High	8	static
../Core/Src/main.c:59:6:ILI9341_Reset	8	static
../Core/Src/main.c:66:6:ILI9341_WriteCommand	16	static
../Core/Src/main.c:75:6:ILI9341_WriteData	16	static
../Core/Src/main.c:84:6:ILI9341_WriteData16	24	static
../Core/Src/main.c:92:6:ILI9341_WritePixelData	24	static
../Core/Src/main.c:106:6:ILI9341_Init	8	static
../Core/Src/main.c:127:6:ILI9341_SetWindow	24	static
../Core/Src/main.c:142:6:ILI9341_FillScreen	153648	static
../Core/Src/main.c:193:6:ILI9341_DrawPixel	16	static
../Core/Src/main.c:201:6:ILI9341_TestPattern	16	static
../Core/Src/main.c:240:6:Test_SPI_Data	16	static
../Core/Src/main.c:253:6:Test_PD7_GPIO	40	static
../Core/Src/main.c:274:6:SPITest	8	static
../Core/Src/main.c:279:6:HAL_SPI_TxCpltCallback	16	static
../Core/Src/main.c:330:5:main	8	static
../Core/Src/main.c:472:6:SystemClock_Config	120	static
../Core/Src/main.c:531:13:MX_SPI1_Init	8	static
../Core/Src/main.c:577:13:MX_DMA_Init	16	static
../Core/Src/main.c:595:13:MX_GPIO_Init	56	static
../Core/Src/main.c:646:6:Error_Handler	4	static,ignoring_inline_asm
