../Core/Src/main.c:64:6:ILI9341_CS_Low	8	static
../Core/Src/main.c:68:6:ILI9341_CS_High	8	static
../Core/Src/main.c:72:6:ILI9341_DC_Low	8	static
../Core/Src/main.c:76:6:ILI9341_DC_High	8	static
../Core/Src/main.c:80:6:ILI9341_Reset	8	static
../Core/Src/main.c:87:6:ILI9341_WriteCommand	16	static
../Core/Src/main.c:96:6:ILI9341_WriteData	16	static
../Core/Src/main.c:105:6:ILI9341_WriteData16	24	static
../Core/Src/main.c:113:6:ILI9341_WritePixelData	24	static
../Core/Src/main.c:135:6:RGB565Hex	16	static
../Core/Src/main.c:140:10:ILI9341_ReadID	16	static
../Core/Src/main.c:155:6:ILI9341_Init	8	static
../Core/Src/main.c:176:6:ILI9341_SetWindow	24	static
../Core/Src/main.c:191:6:ILI9341_FillScreen	153648	static
../Core/Src/main.c:242:6:ILI9341_DrawPixel	16	static
../Core/Src/main.c:250:6:ILI9341_TestPattern	16	static
../Core/Src/main.c:289:6:Test_SPI_Data	16	static
../Core/Src/main.c:302:6:Test_PD7_GPIO	40	static
../Core/Src/main.c:323:6:SPITest	8	static
../Core/Src/main.c:328:6:HAL_SPI_TxCpltCallback	16	static
../Core/Src/main.c:379:5:main	16	static
../Core/Src/main.c:523:6:SystemClock_Config	120	static
../Core/Src/main.c:582:13:MX_SPI1_Init	8	static
../Core/Src/main.c:628:13:MX_DMA_Init	16	static
../Core/Src/main.c:646:13:MX_GPIO_Init	56	static
../Core/Src/main.c:697:6:Error_Handler	4	static,ignoring_inline_asm
